<html>
<body>
<pre>
<h1>µVision Build Log</h1>
<h2>Tool Versions:</h2>
IDE-Version: ¦ÌVision V5.40.0.0
Copyright (C) 2024 ARM Ltd and ARM Germany GmbH. All rights reserved.
License Information: a a, a, LIC=VGXG8-3U7HH-WFUI7-E8EBV-CYLS1-H8VP2
 
Tool Versions:
Toolchain:       MDK-ARM Plus  Version: 5.40.0.3
Toolchain Path:  C:\Users\sam\AppData\Local\Keil_v5\ARM\ARMCLANG\Bin
C Compiler:      ArmClang.exe V6.22
Assembler:       Armasm.exe V6.22
Linker/Locator:  ArmLink.exe V6.22
Library Manager: ArmAr.exe V6.22
Hex Converter:   FromElf.exe V6.22
CPU DLL:         SARMCM3.DLL V5.40.0.3
Dialog DLL:      DCM.DLL V1.17.5.0
Target DLL:      Segger\JL2CM3.dll V2.99.44.0
Dialog DLL:      TCM.DLL V1.56.4.0
 
<h2>Project:</h2>
c:\Users\sam\Desktop\master\MDK-ARM\CAN_NORMAL_TEST.uvprojx
Project File Date:  07/11/2024

<h2>Output:</h2>
*** Using Compiler 'V6.22', folder: 'C:\Users\sam\AppData\Local\Keil_v5\ARM\ARMCLANG\Bin'
Rebuild target 'CAN_NORMAL_TEST'
assembling startup_stm32f103xb.s...
compiling SEGGER_RTT_printf.c...
compiling gpio.c...
compiling SEGGER_RTT.c...
compiling main.c...
compiling CANopen.c...
compiling can.c...
compiling stm32f1xx_hal_msp.c...
compiling stm32f1xx_it.c...
compiling tim.c...
compiling stm32f1xx_hal_gpio_ex.c...
compiling stm32f1xx_hal.c...
compiling stm32f1xx_hal_can.c...
compiling stm32f1xx_hal_rcc_ex.c...
compiling stm32f1xx_hal_rcc.c...
compiling stm32f1xx_hal_dma.c...
compiling stm32f1xx_hal_pwr.c...
compiling stm32f1xx_hal_cortex.c...
compiling stm32f1xx_hal_gpio.c...
compiling stm32f1xx_hal_flash.c...
compiling system_stm32f1xx.c...
compiling stm32f1xx_hal_flash_ex.c...
compiling stm32f1xx_hal_exti.c...
compiling stm32f1xx_hal_tim_ex.c...
compiling CO_app_STM32.c...
compiling stm32f1xx_hal_tim.c...
compiling CO_storageBlank.c...
compiling CO_driver_STM32.c...
compiling OD.c...
compiling CO_Emergency.c...
compiling CO_fifo.c...
compiling CO_HBconsumer.c...
compiling CO_NMT_Heartbeat.c...
compiling CO_ODinterface.c...
compiling CO_SDOclient.c...
compiling CO_PDO.c...
compiling crc16-ccitt.c...
compiling CO_SYNC.c...
compiling CO_TIME.c...
compiling CO_SDOserver.c...
compiling CO_gateway_ascii.c...
compiling CO_LEDs.c...
compiling CO_GFC.c...
compiling CO_SRDO.c...
compiling CO_LSSmaster.c...
compiling CO_LSSslave.c...
linking...
Program Size: Code=46736 RO-data=2928 RW-data=1012 ZI-data=17276  
FromELF: creating hex file...
"CAN_NORMAL_TEST\CAN_NORMAL_TEST.axf" - 0 Error(s), 0 Warning(s).

<h2>Software Packages used:</h2>

Package Vendor: ARM
                https://www.keil.com/pack/ARM.CMSIS.6.1.0.pack
                ARM::CMSIS@6.1.0
                CMSIS (Common Microcontroller Software Interface Standard)
   * Component: CORE Version: 6.1.0

Package Vendor: Keil
                https://www.keil.com/pack/Keil.STM32F1xx_DFP.2.4.1.pack
                Keil::STM32F1xx_DFP@2.4.1
                STMicroelectronics STM32F1 Series Device Support, Drivers and Examples

<h2>Collection of Component include folders:</h2>
  ./RTE/_CAN_NORMAL_TEST
  C:/Users/sam/AppData/Local/Arm/Packs/ARM/CMSIS/6.1.0/CMSIS/Core/Include
  C:/Users/sam/AppData/Local/Arm/Packs/Keil/STM32F1xx_DFP/2.4.1/Device/Include

<h2>Collection of Component Files used:</h2>

   * Component: ARM::CMSIS:CORE@6.1.0
      Include file:  CMSIS/Core/Include/tz_context.h
Build Time Elapsed:  00:00:05
</pre>
</body>
</html>
