Component: Arm Compiler for Embedded 6.22 Tool: armlink [5ee90200]

==============================================================================

Section Cross References

    startup_stm32f103xb.o(RESET) refers to startup_stm32f103xb.o(STACK) for __initial_sp
    startup_stm32f103xb.o(RESET) refers to startup_stm32f103xb.o(.text) for Reset_Handler
    startup_stm32f103xb.o(RESET) refers to stm32f1xx_it.o(.text.NMI_Handler) for NMI_Handler
    startup_stm32f103xb.o(RESET) refers to stm32f1xx_it.o(.text.HardFault_Handler) for HardFault_Handler
    startup_stm32f103xb.o(RESET) refers to stm32f1xx_it.o(.text.MemManage_Handler) for MemManage_Handler
    startup_stm32f103xb.o(RESET) refers to stm32f1xx_it.o(.text.BusFault_Handler) for BusFault_Handler
    startup_stm32f103xb.o(RESET) refers to stm32f1xx_it.o(.text.UsageFault_Handler) for UsageFault_Handler
    startup_stm32f103xb.o(RESET) refers to stm32f1xx_it.o(.text.SVC_Handler) for SVC_Handler
    startup_stm32f103xb.o(RESET) refers to stm32f1xx_it.o(.text.DebugMon_Handler) for DebugMon_Handler
    startup_stm32f103xb.o(RESET) refers to stm32f1xx_it.o(.text.PendSV_Handler) for PendSV_Handler
    startup_stm32f103xb.o(RESET) refers to stm32f1xx_it.o(.text.SysTick_Handler) for SysTick_Handler
    startup_stm32f103xb.o(RESET) refers to stm32f1xx_it.o(.text.USB_HP_CAN1_TX_IRQHandler) for USB_HP_CAN1_TX_IRQHandler
    startup_stm32f103xb.o(RESET) refers to stm32f1xx_it.o(.text.USB_LP_CAN1_RX0_IRQHandler) for USB_LP_CAN1_RX0_IRQHandler
    startup_stm32f103xb.o(RESET) refers to stm32f1xx_it.o(.text.CAN1_RX1_IRQHandler) for CAN1_RX1_IRQHandler
    startup_stm32f103xb.o(RESET) refers to stm32f1xx_it.o(.text.TIM3_IRQHandler) for TIM3_IRQHandler
    startup_stm32f103xb.o(RESET) refers to stm32f1xx_it.o(.text.EXTI15_10_IRQHandler) for EXTI15_10_IRQHandler
    startup_stm32f103xb.o(.text) refers to system_stm32f1xx.o(.text.SystemInit) for SystemInit
    startup_stm32f103xb.o(.text) refers to entry.o(.ARM.Collect$$$$00000000) for __main
    segger_rtt.o(.text.SEGGER_RTT_ReadUpBufferNoLock) refers to segger_rtt.o(.bss._SEGGER_RTT) for _SEGGER_RTT
    segger_rtt.o(.text.SEGGER_RTT_ReadUpBufferNoLock) refers to segger_rtt.o(.text._DoInit) for _DoInit
    segger_rtt.o(.text.SEGGER_RTT_ReadUpBufferNoLock) refers to memmovea.o(.text) for __aeabi_memcpy
    segger_rtt.o(.ARM.exidx.text.SEGGER_RTT_ReadUpBufferNoLock) refers to segger_rtt.o(.text.SEGGER_RTT_ReadUpBufferNoLock) for [Anonymous Symbol]
    segger_rtt.o(.text._DoInit) refers to segger_rtt.o(.bss._SEGGER_RTT) for _SEGGER_RTT
    segger_rtt.o(.text._DoInit) refers to memseta.o(.text) for __aeabi_memclr4
    segger_rtt.o(.text._DoInit) refers to segger_rtt.o(.rodata.str1.1) for .L.str
    segger_rtt.o(.text._DoInit) refers to segger_rtt.o(.bss._acUpBuffer) for _acUpBuffer
    segger_rtt.o(.text._DoInit) refers to segger_rtt.o(.bss._acDownBuffer) for _acDownBuffer
    segger_rtt.o(.text._DoInit) refers to segger_rtt.o(.rodata._DoInit._aInitStr) for _DoInit._aInitStr
    segger_rtt.o(.ARM.exidx.text._DoInit) refers to segger_rtt.o(.text._DoInit) for [Anonymous Symbol]
    segger_rtt.o(.text.SEGGER_RTT_ReadNoLock) refers to segger_rtt.o(.bss._SEGGER_RTT) for _SEGGER_RTT
    segger_rtt.o(.text.SEGGER_RTT_ReadNoLock) refers to segger_rtt.o(.text._DoInit) for _DoInit
    segger_rtt.o(.text.SEGGER_RTT_ReadNoLock) refers to memmovea.o(.text) for __aeabi_memcpy
    segger_rtt.o(.ARM.exidx.text.SEGGER_RTT_ReadNoLock) refers to segger_rtt.o(.text.SEGGER_RTT_ReadNoLock) for [Anonymous Symbol]
    segger_rtt.o(.text.SEGGER_RTT_ReadUpBuffer) refers to segger_rtt.o(.text.SEGGER_RTT_ReadUpBufferNoLock) for SEGGER_RTT_ReadUpBufferNoLock
    segger_rtt.o(.ARM.exidx.text.SEGGER_RTT_ReadUpBuffer) refers to segger_rtt.o(.text.SEGGER_RTT_ReadUpBuffer) for [Anonymous Symbol]
    segger_rtt.o(.text.SEGGER_RTT_Read) refers to segger_rtt.o(.text.SEGGER_RTT_ReadNoLock) for SEGGER_RTT_ReadNoLock
    segger_rtt.o(.ARM.exidx.text.SEGGER_RTT_Read) refers to segger_rtt.o(.text.SEGGER_RTT_Read) for [Anonymous Symbol]
    segger_rtt.o(.text.SEGGER_RTT_WriteWithOverwriteNoLock) refers to segger_rtt.o(.bss._SEGGER_RTT) for _SEGGER_RTT
    segger_rtt.o(.text.SEGGER_RTT_WriteWithOverwriteNoLock) refers to memmovea.o(.text) for __aeabi_memcpy
    segger_rtt.o(.ARM.exidx.text.SEGGER_RTT_WriteWithOverwriteNoLock) refers to segger_rtt.o(.text.SEGGER_RTT_WriteWithOverwriteNoLock) for [Anonymous Symbol]
    segger_rtt.o(.text.SEGGER_RTT_WriteDownBufferNoLock) refers to segger_rtt.o(.bss._SEGGER_RTT) for _SEGGER_RTT
    segger_rtt.o(.text.SEGGER_RTT_WriteDownBufferNoLock) refers to segger_rtt.o(.text._GetAvailWriteSpace) for _GetAvailWriteSpace
    segger_rtt.o(.text.SEGGER_RTT_WriteDownBufferNoLock) refers to segger_rtt.o(.text._WriteNoCheck) for _WriteNoCheck
    segger_rtt.o(.text.SEGGER_RTT_WriteDownBufferNoLock) refers to segger_rtt.o(.text._WriteBlocking) for _WriteBlocking
[...]
    [Anonymous Symbol]                       0x080084a0   Section        0  co_pdo.o(.text.OD_get_u32)
    OD_get_u32                               0x080084c9   Thumb Code    40  co_sdoserver.o(.text.OD_get_u32)
    [Anonymous Symbol]                       0x080084c8   Section        0  co_sdoserver.o(.text.OD_get_u32)
    OD_get_u32                               0x080084f1   Thumb Code    40  co_sync.o(.text.OD_get_u32)
    [Anonymous Symbol]                       0x080084f0   Section        0  co_sync.o(.text.OD_get_u32)
    OD_get_u32                               0x08008519   Thumb Code    40  co_time.o(.text.OD_get_u32)
    [Anonymous Symbol]                       0x08008518   Section        0  co_time.o(.text.OD_get_u32)
    OD_get_u8                                0x08008541   Thumb Code    40  co_pdo.o(.text.OD_get_u8)
    [Anonymous Symbol]                       0x08008540   Section        0  co_pdo.o(.text.OD_get_u8)
    OD_get_u8                                0x08008569   Thumb Code    40  co_sdoserver.o(.text.OD_get_u8)
    [Anonymous Symbol]                       0x08008568   Section        0  co_sdoserver.o(.text.OD_get_u8)
    OD_get_u8                                0x08008591   Thumb Code    40  co_sync.o(.text.OD_get_u8)
    [Anonymous Symbol]                       0x08008590   Section        0  co_sync.o(.text.OD_get_u8)
    [Anonymous Symbol]                       0x080085b8   Section        0  co_odinterface.o(.text.OD_get_value)
    OD_mappable                              0x08008635   Thumb Code    40  co_sdoserver.o(.text.OD_mappable)
    [Anonymous Symbol]                       0x08008634   Section        0  co_sdoserver.o(.text.OD_mappable)
    OD_readDisabled                          0x0800865d   Thumb Code    16  co_odinterface.o(.text.OD_readDisabled)
    [Anonymous Symbol]                       0x0800865c   Section        0  co_odinterface.o(.text.OD_readDisabled)
    [Anonymous Symbol]                       0x0800866c   Section        0  co_odinterface.o(.text.OD_readOriginal)
    OD_read_1003                             0x08008739   Thumb Code   250  co_emergency.o(.text.OD_read_1003)
    [Anonymous Symbol]                       0x08008738   Section        0  co_emergency.o(.text.OD_read_1003)
    OD_read_1014_default                     0x08008835   Thumb Code   120  co_emergency.o(.text.OD_read_1014_default)
    [Anonymous Symbol]                       0x08008834   Section        0  co_emergency.o(.text.OD_read_1014_default)
    OD_read_PDO_commParam                    0x080088ad   Thumb Code   156  co_pdo.o(.text.OD_read_PDO_commParam)
    [Anonymous Symbol]                       0x080088ac   Section        0  co_pdo.o(.text.OD_read_PDO_commParam)
    OD_read_dummy                            0x08008949   Thumb Code    88  co_pdo.o(.text.OD_read_dummy)
    [Anonymous Symbol]                       0x08008948   Section        0  co_pdo.o(.text.OD_read_dummy)
    OD_set_u32                               0x080089a1   Thumb Code    38  co_sdoserver.o(.text.OD_set_u32)
    [Anonymous Symbol]                       0x080089a0   Section        0  co_sdoserver.o(.text.OD_set_u32)
    [Anonymous Symbol]                       0x080089c8   Section        0  co_odinterface.o(.text.OD_set_value)
    OD_writeDisabled                         0x08008a35   Thumb Code    16  co_odinterface.o(.text.OD_writeDisabled)
    [Anonymous Symbol]                       0x08008a34   Section        0  co_odinterface.o(.text.OD_writeDisabled)
    [Anonymous Symbol]                       0x08008a44   Section        0  co_odinterface.o(.text.OD_writeOriginal)
    OD_write_1003                            0x08008b25   Thumb Code   106  co_emergency.o(.text.OD_write_1003)
    [Anonymous Symbol]                       0x08008b24   Section        0  co_emergency.o(.text.OD_write_1003)
    OD_write_1005                            0x08008b91   Thumb Code   466  co_sync.o(.text.OD_write_1005)
    [Anonymous Symbol]                       0x08008b90   Section        0  co_sync.o(.text.OD_write_1005)
    OD_write_1012                            0x08008d65   Thumb Code   264  co_time.o(.text.OD_write_1012)
    [Anonymous Symbol]                       0x08008d64   Section        0  co_time.o(.text.OD_write_1012)
    OD_write_1016                            0x08008e6d   Thumb Code   166  co_hbconsumer.o(.text.OD_write_1016)
    [Anonymous Symbol]                       0x08008e6c   Section        0  co_hbconsumer.o(.text.OD_write_1016)
    OD_write_1017                            0x08008f15   Thumb Code   108  co_nmt_heartbeat.o(.text.OD_write_1017)
    [Anonymous Symbol]                       0x08008f14   Section        0  co_nmt_heartbeat.o(.text.OD_write_1017)
    OD_write_1019                            0x08008f81   Thumb Code   218  co_sync.o(.text.OD_write_1019)
    [Anonymous Symbol]                       0x08008f80   Section        0  co_sync.o(.text.OD_write_1019)
    OD_write_1201_additional                 0x0800905d   Thumb Code   670  co_sdoserver.o(.text.OD_write_1201_additional)
    [Anonymous Symbol]                       0x0800905c   Section        0  co_sdoserver.o(.text.OD_write_1201_additional)
    OD_write_14xx                            0x080092fd   Thumb Code   672  co_pdo.o(.text.OD_write_14xx)
    [Anonymous Symbol]                       0x080092fc   Section        0  co_pdo.o(.text.OD_write_14xx)
    OD_write_18xx                            0x0800959d   Thumb Code   734  co_pdo.o(.text.OD_write_18xx)
    [Anonymous Symbol]                       0x0800959c   Section        0  co_pdo.o(.text.OD_write_18xx)
    OD_write_PDO_mapping                     0x0800987d   Thumb Code   372  co_pdo.o(.text.OD_write_PDO_mapping)
    [Anonymous Symbol]                       0x0800987c   Section        0  co_pdo.o(.text.OD_write_PDO_mapping)
    OD_write_dummy                           0x080099f1   Thumb Code    30  co_pdo.o(.text.OD_write_dummy)
    [Anonymous Symbol]                       0x080099f0   Section        0  co_pdo.o(.text.OD_write_dummy)
    PDO_initMapping                          0x08009a11   Thumb Code   386  co_pdo.o(.text.PDO_initMapping)
    [Anonymous Symbol]                       0x08009a10   Section        0  co_pdo.o(.text.PDO_initMapping)
    PDOconfigMap                             0x08009b95   Thumb Code   430  co_pdo.o(.text.PDOconfigMap)
    [Anonymous Symbol]                       0x08009b94   Section        0  co_pdo.o(.text.PDOconfigMap)
    [Anonymous Symbol]                       0x08009d44   Section        0  stm32f1xx_it.o(.text.PendSV_Handler)
    RCC_Delay                                0x08009d49   Thumb Code    58  stm32f1xx_hal_rcc.o(.text.RCC_Delay)
    [Anonymous Symbol]                       0x08009d48   Section        0  stm32f1xx_hal_rcc.o(.text.RCC_Delay)
    [Anonymous Symbol]                       0x08009d84   Section        0  segger_rtt.o(.text.SEGGER_RTT_Init)
    [Anonymous Symbol]                       0x08009d8c   Section        0  segger_rtt.o(.text.SEGGER_RTT_Write)
    [Anonymous Symbol]                       0x08009ddc   Section        0  segger_rtt.o(.text.SEGGER_RTT_WriteNoLock)
    [Anonymous Symbol]                       0x08009e8c   Section        0  segger_rtt_printf.o(.text.SEGGER_RTT_printf)
    [Anonymous Symbol]                       0x08009eb8   Section        0  segger_rtt_printf.o(.text.SEGGER_RTT_vprintf)
    [Anonymous Symbol]                       0x0800a208   Section        0  stm32f1xx_it.o(.text.SVC_Handler)
    SysTick_Config                           0x0800a20d   Thumb Code    82  stm32f1xx_hal_cortex.o(.text.SysTick_Config)
    [Anonymous Symbol]                       0x0800a20c   Section        0  stm32f1xx_hal_cortex.o(.text.SysTick_Config)
    [Anonymous Symbol]                       0x0800a260   Section        0  stm32f1xx_it.o(.text.SysTick_Handler)
    [Anonymous Symbol]                       0x0800a268   Section        0  main.o(.text.SystemClock_Config)
    [Anonymous Symbol]                       0x0800a2d4   Section        0  system_stm32f1xx.o(.text.SystemInit)
    [Anonymous Symbol]                       0x0800a2d8   Section        0  stm32f1xx_it.o(.text.TIM3_IRQHandler)
    [Anonymous Symbol]                       0x0800a2e8   Section        0  stm32f1xx_hal_tim.o(.text.TIM_Base_SetConfig)
    [Anonymous Symbol]                       0x0800a3d8   Section        0  stm32f1xx_hal_tim.o(.text.TIM_ETR_SetConfig)
    TIM_ITRx_SetConfig                       0x0800a40d   Thumb Code    42  stm32f1xx_hal_tim.o(.text.TIM_ITRx_SetConfig)
    [Anonymous Symbol]                       0x0800a40c   Section        0  stm32f1xx_hal_tim.o(.text.TIM_ITRx_SetConfig)
    TIM_TI1_ConfigInputStage                 0x0800a439   Thumb Code    80  stm32f1xx_hal_tim.o(.text.TIM_TI1_ConfigInputStage)
    [Anonymous Symbol]                       0x0800a438   Section        0  stm32f1xx_hal_tim.o(.text.TIM_TI1_ConfigInputStage)
    TIM_TI2_ConfigInputStage                 0x0800a489   Thumb Code    82  stm32f1xx_hal_tim.o(.text.TIM_TI2_ConfigInputStage)
    [Anonymous Symbol]                       0x0800a488   Section        0  stm32f1xx_hal_tim.o(.text.TIM_TI2_ConfigInputStage)
    [Anonymous Symbol]                       0x0800a4dc   Section        0  stm32f1xx_it.o(.text.USB_HP_CAN1_TX_IRQHandler)
    [Anonymous Symbol]                       0x0800a4ec   Section        0  stm32f1xx_it.o(.text.USB_LP_CAN1_RX0_IRQHandler)
    [Anonymous Symbol]                       0x0800a4fc   Section        0  stm32f1xx_it.o(.text.UsageFault_Handler)
    _DoInit                                  0x0800a501   Thumb Code   156  segger_rtt.o(.text._DoInit)
    [Anonymous Symbol]                       0x0800a500   Section        0  segger_rtt.o(.text._DoInit)
    _GetAvailWriteSpace                      0x0800a59d   Thumb Code    62  segger_rtt.o(.text._GetAvailWriteSpace)
    [Anonymous Symbol]                       0x0800a59c   Section        0  segger_rtt.o(.text._GetAvailWriteSpace)
    _PrintInt                                0x0800a5dd   Thumb Code   460  segger_rtt_printf.o(.text._PrintInt)
    [Anonymous Symbol]                       0x0800a5dc   Section        0  segger_rtt_printf.o(.text._PrintInt)
    _PrintUnsigned                           0x0800a7a9   Thumb Code   428  segger_rtt_printf.o(.text._PrintUnsigned)
    [Anonymous Symbol]                       0x0800a7a8   Section        0  segger_rtt_printf.o(.text._PrintUnsigned)
    _StoreChar                               0x0800a955   Thumb Code   118  segger_rtt_printf.o(.text._StoreChar)
    [Anonymous Symbol]                       0x0800a954   Section        0  segger_rtt_printf.o(.text._StoreChar)
    _WriteBlocking                           0x0800a9cd   Thumb Code   224  segger_rtt.o(.text._WriteBlocking)
    [Anonymous Symbol]                       0x0800a9cc   Section        0  segger_rtt.o(.text._WriteBlocking)
    _WriteNoCheck                            0x0800aaad   Thumb Code   132  segger_rtt.o(.text._WriteNoCheck)
    [Anonymous Symbol]                       0x0800aaac   Section        0  segger_rtt.o(.text._WriteNoCheck)
    __NVIC_EnableIRQ                         0x0800ab31   Thumb Code    48  stm32f1xx_hal_cortex.o(.text.__NVIC_EnableIRQ)
    [Anonymous Symbol]                       0x0800ab30   Section        0  stm32f1xx_hal_cortex.o(.text.__NVIC_EnableIRQ)
    __NVIC_GetPriorityGrouping               0x0800ab61   Thumb Code    16  stm32f1xx_hal_cortex.o(.text.__NVIC_GetPriorityGrouping)
    [Anonymous Symbol]                       0x0800ab60   Section        0  stm32f1xx_hal_cortex.o(.text.__NVIC_GetPriorityGrouping)
    __NVIC_SetPriority                       0x0800ab71   Thumb Code    66  stm32f1xx_hal_cortex.o(.text.__NVIC_SetPriority)
    [Anonymous Symbol]                       0x0800ab70   Section        0  stm32f1xx_hal_cortex.o(.text.__NVIC_SetPriority)
    __NVIC_SetPriorityGrouping               0x0800abb5   Thumb Code    60  stm32f1xx_hal_cortex.o(.text.__NVIC_SetPriorityGrouping)
    [Anonymous Symbol]                       0x0800abb4   Section        0  stm32f1xx_hal_cortex.o(.text.__NVIC_SetPriorityGrouping)
    __NVIC_SystemReset                       0x0800abf1   Thumb Code    38  stm32f1xx_hal_cortex.o(.text.__NVIC_SystemReset)
    [Anonymous Symbol]                       0x0800abf0   Section        0  stm32f1xx_hal_cortex.o(.text.__NVIC_SystemReset)
    [Anonymous Symbol]                       0x0800ac18   Section        0  co_app_stm32.o(.text.canopen_app_init)
    [Anonymous Symbol]                       0x0800ac94   Section        0  co_app_stm32.o(.text.canopen_app_interrupt)
    [Anonymous Symbol]                       0x0800ad38   Section        0  co_app_stm32.o(.text.canopen_app_process)
    [Anonymous Symbol]                       0x0800ae30   Section        0  co_app_stm32.o(.text.canopen_app_resetCommunication)
    [Anonymous Symbol]                       0x0800b0f8   Section        0  main.o(.text.main)
    prv_read_can_received_msg                0x0800b169   Thumb Code   214  co_driver_stm32.o(.text.prv_read_can_received_msg)
    [Anonymous Symbol]                       0x0800b168   Section        0  co_driver_stm32.o(.text.prv_read_can_received_msg)
    prv_send_can_message                     0x0800b241   Thumb Code   110  co_driver_stm32.o(.text.prv_send_can_message)
    [Anonymous Symbol]                       0x0800b240   Section        0  co_driver_stm32.o(.text.prv_send_can_message)
    readFromOd                               0x0800b2b1   Thumb Code   414  co_sdoserver.o(.text.readFromOd)
    [Anonymous Symbol]                       0x0800b2b0   Section        0  co_sdoserver.o(.text.readFromOd)
    validateAndWriteToOD                     0x0800b451   Thumb Code   592  co_sdoserver.o(.text.validateAndWriteToOD)
    [Anonymous Symbol]                       0x0800b450   Section        0  co_sdoserver.o(.text.validateAndWriteToOD)
    i.__scatterload_copy                     0x0800b6a0   Section       14  handlers.o(i.__scatterload_copy)
    i.__scatterload_null                     0x0800b6ae   Section        2  handlers.o(i.__scatterload_null)
    i.__scatterload_zeroinit                 0x0800b6b0   Section       14  handlers.o(i.__scatterload_zeroinit)
    i.free                                   0x0800b6c0   Section        0  malloc.o(i.free)
    i.malloc                                 0x0800b710   Section        0  malloc.o(i.malloc)
    CO_LSS_bitTimingTableLookup              0x0800b78c   Data          20  co_lssslave.o(.rodata.CO_LSS_bitTimingTableLookup)
    [Anonymous Symbol]                       0x0800b78c   Section        0  co_lssslave.o(.rodata.CO_LSS_bitTimingTableLookup)
    HAL_RCC_GetSysClockFreq.aPLLMULFactorTable 0x0800b7a0   Data          16  stm32f1xx_hal_rcc.o(.rodata.HAL_RCC_GetSysClockFreq.aPLLMULFactorTable)
    [Anonymous Symbol]                       0x0800b7a0   Section        0  stm32f1xx_hal_rcc.o(.rodata.HAL_RCC_GetSysClockFreq.aPLLMULFactorTable)
    HAL_RCC_GetSysClockFreq.aPredivFactorTable 0x0800b7b0   Data           2  stm32f1xx_hal_rcc.o(.rodata.HAL_RCC_GetSysClockFreq.aPredivFactorTable)
    [Anonymous Symbol]                       0x0800b7b0   Section        0  stm32f1xx_hal_rcc.o(.rodata.HAL_RCC_GetSysClockFreq.aPredivFactorTable)
    ODObjs                                   0x0800b7b4   Data        1688  od.o(.rodata.ODObjs)
    [Anonymous Symbol]                       0x0800b7b4   Section        0  od.o(.rodata.ODObjs)
    OD_getSDOabCode.abortCodes               0x0800be4c   Data         104  co_odinterface.o(.rodata.OD_getSDOabCode.abortCodes)
    [Anonymous Symbol]                       0x0800be4c   Section        0  co_odinterface.o(.rodata.OD_getSDOabCode.abortCodes)
    _DoInit._aInitStr                        0x0800beb4   Data          17  segger_rtt.o(.rodata._DoInit._aInitStr)
    [Anonymous Symbol]                       0x0800beb4   Section        0  segger_rtt.o(.rodata._DoInit._aInitStr)
    _PrintUnsigned._aV2C                     0x0800bec5   Data          16  segger_rtt_printf.o(.rodata._PrintUnsigned._aV2C)
    [Anonymous Symbol]                       0x0800bec5   Section        0  segger_rtt_printf.o(.rodata._PrintUnsigned._aV2C)
    .L.str                                   0x0800bed5   Data           9  segger_rtt.o(.rodata.str1.1)
    [Anonymous Symbol]                       0x0800bed5   Section        0  segger_rtt.o(.rodata.str1.1)
    .L.str                                   0x0800bede   Data           7  segger_rtt_printf.o(.rodata.str1.1)
    [Anonymous Symbol]                       0x0800bede   Section        0  segger_rtt_printf.o(.rodata.str1.1)
    .L.str                                   0x0800bee5   Data          26  canopen.o(.rodata.str1.1)
    [Anonymous Symbol]                       0x0800bee5   Section        0  canopen.o(.rodata.str1.1)
    .L.str                                   0x0800beff   Data           9  main.o(.rodata.str1.1)
    [Anonymous Symbol]                       0x0800beff   Section        0  main.o(.rodata.str1.1)
    .L.str.1                                 0x0800bf08   Data          12  main.o(.rodata.str1.1)
    .L.str.2                                 0x0800bf14   Data          40  main.o(.rodata.str1.1)
    .L.str.5                                 0x0800bf3c   Data           6  main.o(.rodata.str1.1)
    .L.str.3                                 0x0800bf42   Data           9  main.o(.rodata.str1.1)
    .L.str.4                                 0x0800bf4b   Data           9  main.o(.rodata.str1.1)
    .L.str                                   0x0800bf54   Data          27  can.o(.rodata.str1.1)
    [Anonymous Symbol]                       0x0800bf54   Section        0  can.o(.rodata.str1.1)
    .L.str.1                                 0x0800bf6f   Data          27  can.o(.rodata.str1.1)
    .L.str.2                                 0x0800bf8a   Data          29  can.o(.rodata.str1.1)
    .L.str.3                                 0x0800bfa7   Data          29  can.o(.rodata.str1.1)
    .L.str.9                                 0x0800bfc4   Data          26  co_app_stm32.o(.rodata.str1.1)
    [Anonymous Symbol]                       0x0800bfc4   Section        0  co_app_stm32.o(.rodata.str1.1)
    .L.str.2                                 0x0800bfde   Data          38  co_app_stm32.o(.rodata.str1.1)
    .L.str.5                                 0x0800c004   Data          37  co_app_stm32.o(.rodata.str1.1)
    .L.str.3                                 0x0800c029   Data          38  co_app_stm32.o(.rodata.str1.1)
    .L.str.7                                 0x0800c04f   Data          38  co_app_stm32.o(.rodata.str1.1)
    .L.str.4                                 0x0800c075   Data          44  co_app_stm32.o(.rodata.str1.1)
    .L.str.6                                 0x0800c0a1   Data          42  co_app_stm32.o(.rodata.str1.1)
    .L.str.8                                 0x0800c0cb   Data          39  co_app_stm32.o(.rodata.str1.1)
    .L.str.1                                 0x0800c0f2   Data          40  co_app_stm32.o(.rodata.str1.1)
    .L.str.11                                0x0800c11a   Data          26  co_app_stm32.o(.rodata.str1.1)
    .L.str.10                                0x0800c134   Data          41  co_app_stm32.o(.rodata.str1.1)
    .L.str                                   0x0800c15d   Data          30  co_app_stm32.o(.rodata.str1.1)
    .L.str                                   0x0800c17b   Data          27  co_nmt_heartbeat.o(.rodata.str1.1)
    [Anonymous Symbol]                       0x0800c17b   Section        0  co_nmt_heartbeat.o(.rodata.str1.1)
    .L.str.1                                 0x0800c196   Data          29  co_nmt_heartbeat.o(.rodata.str1.1)
    .L.str.2                                 0x0800c1b3   Data          44  co_nmt_heartbeat.o(.rodata.str1.1)
    .data                                    0x20000000   Section        4  stdout.o(.data)
    .data                                    0x20000004   Section        4  mvars.o(.data)
    .data                                    0x20000008   Section        4  mvars.o(.data)
    ODList                                   0x2000001c   Data         408  od.o(.data.ODList)
    [Anonymous Symbol]                       0x2000001c   Section        0  od.o(.data.ODList)
    _OD                                      0x200003e4   Data           8  od.o(.data._OD)
    [Anonymous Symbol]                       0x200003e4   Section        0  od.o(.data._OD)
    CANModule_local                          0x200003f8   Data           4  co_driver_stm32.o(.bss.CANModule_local)
    [Anonymous Symbol]                       0x200003f8   Section        0  co_driver_stm32.o(.bss.CANModule_local)
    _acDownBuffer                            0x200004a8   Data          16  segger_rtt.o(.bss._acDownBuffer)
    [Anonymous Symbol]                       0x200004a8   Section        0  segger_rtt.o(.bss._acDownBuffer)
    _acUpBuffer                              0x200004b8   Data        1024  segger_rtt.o(.bss._acUpBuffer)
    [Anonymous Symbol]                       0x200004b8   Section        0  segger_rtt.o(.bss._acUpBuffer)
    prv_read_can_received_msg.rx_hdr         0x20000930   Data          28  co_driver_stm32.o(.bss.prv_read_can_received_msg.rx_hdr)
    [Anonymous Symbol]                       0x20000930   Section        0  co_driver_stm32.o(.bss.prv_read_can_received_msg.rx_hdr)
    prv_send_can_message.tx_hdr              0x2000094c   Data          24  co_driver_stm32.o(.bss.prv_send_can_message.tx_hdr)
    [Anonymous Symbol]                       0x2000094c   Section        0  co_driver_stm32.o(.bss.prv_send_can_message.tx_hdr)
    HEAP                                     0x20000970   Section    12032  startup_stm32f103xb.o(HEAP)
    STACK                                    0x20003870   Section     3840  startup_stm32f103xb.o(STACK)

    Global Symbols

    Symbol Name                              Value     Ov Type        Size  Object(Section)

    BuildAttributes$$THM_ISAv4$P$D$K$B$S$PE$A:L22UL41UL21$X:L11$S22US41US21$IEEE1$IW$~IW$USESV6$~STKCKD$USESV7$~SHL$OSPACE$EBA8$MICROLIB$REQ8$PRES8$EABIv2 0x00000000   Number         0  anon$$obj.o ABSOLUTE
    __cpp_initialize__aeabi_                  - Undefined Weak Reference
    __cxa_finalize                            - Undefined Weak Reference
    _clock_init                               - Undefined Weak Reference
    _microlib_exit                            - Undefined Weak Reference
    __Vectors_Size                           0x000000ec   Number         0  startup_stm32f103xb.o ABSOLUTE
    __Vectors                                0x08000000   Data           4  startup_stm32f103xb.o(RESET)
    __Vectors_End                            0x080000ec   Data           0  startup_stm32f103xb.o(RESET)
    __main                                   0x080000ed   Thumb Code     0  entry.o(.ARM.Collect$$$$00000000)
    _main_stk                                0x080000ed   Thumb Code     0  entry2.o(.ARM.Collect$$$$00000001)
    _main_scatterload                        0x080000f1   Thumb Code     0  entry5.o(.ARM.Collect$$$$00000004)
    __main_after_scatterload                 0x080000f5   Thumb Code     0  entry5.o(.ARM.Collect$$$$00000004)
    _main_clock                              0x080000f5   Thumb Code     0  entry7b.o(.ARM.Collect$$$$00000008)
    _main_cpp_init                           0x080000f5   Thumb Code     0  entry8b.o(.ARM.Collect$$$$0000000A)
    _main_init                               0x080000f5   Thumb Code     0  entry9a.o(.ARM.Collect$$$$0000000B)
    __rt_final_cpp                           0x080000fd   Thumb Code     0  entry10a.o(.ARM.Collect$$$$0000000D)
    __rt_final_exit                          0x080000fd   Thumb Code     0  entry11a.o(.ARM.Collect$$$$0000000F)
    Reset_Handler                            0x08000101   Thumb Code     8  startup_stm32f103xb.o(.text)
    ADC1_2_IRQHandler                        0x0800011b   Thumb Code     0  startup_stm32f103xb.o(.text)
    CAN1_SCE_IRQHandler                      0x0800011b   Thumb Code     0  startup_stm32f103xb.o(.text)
    DMA1_Channel1_IRQHandler                 0x0800011b   Thumb Code     0  startup_stm32f103xb.o(.text)
    DMA1_Channel2_IRQHandler                 0x0800011b   Thumb Code     0  startup_stm32f103xb.o(.text)
    DMA1_Channel3_IRQHandler                 0x0800011b   Thumb Code     0  startup_stm32f103xb.o(.text)
    DMA1_Channel4_IRQHandler                 0x0800011b   Thumb Code     0  startup_stm32f103xb.o(.text)
    DMA1_Channel5_IRQHandler                 0x0800011b   Thumb Code     0  startup_stm32f103xb.o(.text)
    DMA1_Channel6_IRQHandler                 0x0800011b   Thumb Code     0  startup_stm32f103xb.o(.text)
    DMA1_Channel7_IRQHandler                 0x0800011b   Thumb Code     0  startup_stm32f103xb.o(.text)
    EXTI0_IRQHandler                         0x0800011b   Thumb Code     0  startup_stm32f103xb.o(.text)
    EXTI1_IRQHandler                         0x0800011b   Thumb Code     0  startup_stm32f103xb.o(.text)
    EXTI2_IRQHandler                         0x0800011b   Thumb Code     0  startup_stm32f103xb.o(.text)
    EXTI3_IRQHandler                         0x0800011b   Thumb Code     0  startup_stm32f103xb.o(.text)
    EXTI4_IRQHandler                         0x0800011b   Thumb Code     0  startup_stm32f103xb.o(.text)
    EXTI9_5_IRQHandler                       0x0800011b   Thumb Code     0  startup_stm32f103xb.o(.text)
    FLASH_IRQHandler                         0x0800011b   Thumb Code     0  startup_stm32f103xb.o(.text)
    I2C1_ER_IRQHandler                       0x0800011b   Thumb Code     0  startup_stm32f103xb.o(.text)
    I2C1_EV_IRQHandler                       0x0800011b   Thumb Code     0  startup_stm32f103xb.o(.text)
    I2C2_ER_IRQHandler                       0x0800011b   Thumb Code     0  startup_stm32f103xb.o(.text)
    I2C2_EV_IRQHandler                       0x0800011b   Thumb Code     0  startup_stm32f103xb.o(.text)
    PVD_IRQHandler                           0x0800011b   Thumb Code     0  startup_stm32f103xb.o(.text)
    RCC_IRQHandler                           0x0800011b   Thumb Code     0  startup_stm32f103xb.o(.text)
    RTC_Alarm_IRQHandler                     0x0800011b   Thumb Code     0  startup_stm32f103xb.o(.text)
    RTC_IRQHandler                           0x0800011b   Thumb Code     0  startup_stm32f103xb.o(.text)
    SPI1_IRQHandler                          0x0800011b   Thumb Code     0  startup_stm32f103xb.o(.text)
    SPI2_IRQHandler                          0x0800011b   Thumb Code     0  startup_stm32f103xb.o(.text)
    TAMPER_IRQHandler                        0x0800011b   Thumb Code     0  startup_stm32f103xb.o(.text)
    TIM1_BRK_IRQHandler                      0x0800011b   Thumb Code     0  startup_stm32f103xb.o(.text)
    TIM1_CC_IRQHandler                       0x0800011b   Thumb Code     0  startup_stm32f103xb.o(.text)
    TIM1_TRG_COM_IRQHandler                  0x0800011b   Thumb Code     0  startup_stm32f103xb.o(.text)
    TIM1_UP_IRQHandler                       0x0800011b   Thumb Code     0  startup_stm32f103xb.o(.text)
    TIM2_IRQHandler                          0x0800011b   Thumb Code     0  startup_stm32f103xb.o(.text)
    TIM4_IRQHandler                          0x0800011b   Thumb Code     0  startup_stm32f103xb.o(.text)
    USART1_IRQHandler                        0x0800011b   Thumb Code     0  startup_stm32f103xb.o(.text)
    USART2_IRQHandler                        0x0800011b   Thumb Code     0  startup_stm32f103xb.o(.text)
    USART3_IRQHandler                        0x0800011b   Thumb Code     0  startup_stm32f103xb.o(.text)
    USBWakeUp_IRQHandler                     0x0800011b   Thumb Code     0  startup_stm32f103xb.o(.text)
    WWDG_IRQHandler                          0x0800011b   Thumb Code     0  startup_stm32f103xb.o(.text)
    ___aeabi_memcpy4$move                    0x08000125   Thumb Code     0  memmovea.o(.text)
    ___aeabi_memcpy8$move                    0x08000125   Thumb Code     0  memmovea.o(.text)
    __aeabi_memcpy                           0x08000125   Thumb Code    64  memmovea.o(.text)
    __aeabi_memmove                          0x08000125   Thumb Code     0  memmovea.o(.text)
    __aeabi_memmove4                         0x08000125   Thumb Code     0  memmovea.o(.text)
    __aeabi_memmove8                         0x08000125   Thumb Code     0  memmovea.o(.text)
    __aeabi_memset                           0x08000165   Thumb Code    14  memseta.o(.text)
    __aeabi_memset4                          0x08000165   Thumb Code     0  memseta.o(.text)
    __aeabi_memset8                          0x08000165   Thumb Code     0  memseta.o(.text)
    __aeabi_memclr                           0x08000173   Thumb Code     4  memseta.o(.text)
    __aeabi_memclr4                          0x08000173   Thumb Code     0  memseta.o(.text)
    __aeabi_memclr8                          0x08000173   Thumb Code     0  memseta.o(.text)
    _memset$wrapper                          0x08000177   Thumb Code    18  memseta.o(.text)
    strlen                                   0x08000189   Thumb Code    14  strlen.o(.text)
    calloc                                   0x08000197   Thumb Code    28  calloc.o(.text)
    __scatterload                            0x080001b5   Thumb Code    38  init.o(.text)
    __scatterload_rt2                        0x080001b5   Thumb Code     0  init.o(.text)
    __decompress                             0x080001e5   Thumb Code     0  __dczerorl2.o(.text)
    __decompress1                            0x080001e5   Thumb Code    86  __dczerorl2.o(.text)
    BusFault_Handler                         0x0800023d   Thumb Code     4  stm32f1xx_it.o(.text.BusFault_Handler)
    CAN1_RX1_IRQHandler                      0x08000241   Thumb Code    16  stm32f1xx_it.o(.text.CAN1_RX1_IRQHandler)
    CAN_FilterInit                           0x08000251   Thumb Code    66  can.o(.text.CAN_FilterInit)
    CAN_SendMsg                              0x08000295   Thumb Code   174  can.o(.text.CAN_SendMsg)
    CAN_Start                                0x08000345   Thumb Code    34  can.o(.text.CAN_Start)
    CO_CANclearPendingSyncPDOs               0x08000369   Thumb Code   210  co_driver_stm32.o(.text.CO_CANclearPendingSyncPDOs)
    CO_CANinit                               0x0800043d   Thumb Code   100  canopen.o(.text.CO_CANinit)
    CO_CANinterrupt_TX                       0x080004a1   Thumb Code   176  co_driver_stm32.o(.text.CO_CANinterrupt_TX)
    CO_CANmodule_disable                     0x08000551   Thumb Code    36  co_driver_stm32.o(.text.CO_CANmodule_disable)
    CO_CANmodule_init                        0x08000575   Thumb Code   420  co_driver_stm32.o(.text.CO_CANmodule_init)
    CO_CANmodule_process                     0x08000719   Thumb Code   160  co_driver_stm32.o(.text.CO_CANmodule_process)
    CO_CANopenInit                           0x080007b9   Thumb Code   802  canopen.o(.text.CO_CANopenInit)
    CO_CANopenInitPDO                        0x08000add   Thumb Code   534  canopen.o(.text.CO_CANopenInitPDO)
    CO_CANrxBufferInit                       0x08000cf5   Thumb Code   164  co_driver_stm32.o(.text.CO_CANrxBufferInit)
    CO_CANsend                               0x08000d99   Thumb Code   132  co_driver_stm32.o(.text.CO_CANsend)
    CO_CANsetConfigurationMode               0x08000e1d   Thumb Code    26  co_driver_stm32.o(.text.CO_CANsetConfigurationMode)
    CO_CANsetNormalMode                      0x08000e39   Thumb Code    42  co_driver_stm32.o(.text.CO_CANsetNormalMode)
    CO_CANtxBufferInit                       0x08000e65   Thumb Code   122  co_driver_stm32.o(.text.CO_CANtxBufferInit)
    CO_EM_init                               0x08000ee1   Thumb Code   498  co_emergency.o(.text.CO_EM_init)
    CO_EM_process                            0x080010d5   Thumb Code   692  co_emergency.o(.text.CO_EM_process)
    CO_HBconsumer_init                       0x080013c5   Thumb Code   414  co_hbconsumer.o(.text.CO_HBconsumer_init)
    CO_HBconsumer_process                    0x080016d9   Thumb Code   484  co_hbconsumer.o(.text.CO_HBconsumer_process)
    CO_LEDs_init                             0x080018bd   Thumb Code    52  co_leds.o(.text.CO_LEDs_init)
    CO_LEDs_process                          0x080018f1   Thumb Code   974  co_leds.o(.text.CO_LEDs_process)
    CO_LSSinit                               0x08001cc1   Thumb Code   104  canopen.o(.text.CO_LSSinit)
    CO_LSSslave_init                         0x08001d49   Thumb Code   334  co_lssslave.o(.text.CO_LSSslave_init)
    CO_LSSslave_process                      0x08001e99   Thumb Code   886  co_lssslave.o(.text.CO_LSSslave_process)
    CO_NMT_init                              0x080024ed   Thumb Code   524  co_nmt_heartbeat.o(.text.CO_NMT_init)
    CO_NMT_process                           0x080026f9   Thumb Code   538  co_nmt_heartbeat.o(.text.CO_NMT_process)
    CO_RPDO_init                             0x08002a5d   Thumb Code   748  co_pdo.o(.text.CO_RPDO_init)
    CO_RPDO_process                          0x08002d49   Thumb Code   650  co_pdo.o(.text.CO_RPDO_process)
    CO_SDOserver_init                        0x08003039   Thumb Code   694  co_sdoserver.o(.text.CO_SDOserver_init)
    CO_SDOserver_process                     0x0800341d   Thumb Code  2428  co_sdoserver.o(.text.CO_SDOserver_process)
    CO_SYNC_init                             0x08003d99   Thumb Code   648  co_sync.o(.text.CO_SYNC_init)
    CO_SYNC_process                          0x08004021   Thumb Code   430  co_sync.o(.text.CO_SYNC_process)
    CO_TIME_init                             0x080042a9   Thumb Code   270  co_time.o(.text.CO_TIME_init)
    CO_TIME_process                          0x080043b9   Thumb Code   236  co_time.o(.text.CO_TIME_process)
    CO_TPDO_init                             0x080044e5   Thumb Code   850  co_pdo.o(.text.CO_TPDO_init)
    CO_TPDO_process                          0x08004839   Thumb Code   574  co_pdo.o(.text.CO_TPDO_process)
    CO_delete                                0x08004bcd   Thumb Code   154  canopen.o(.text.CO_delete)
    CO_error                                 0x08004c69   Thumb Code   392  co_emergency.o(.text.CO_error)
    CO_new                                   0x08004fdd   Thumb Code   526  canopen.o(.text.CO_new)
    CO_process                               0x080051ed   Thumb Code   586  canopen.o(.text.CO_process)
    CO_process_RPDO                          0x08005439   Thumb Code   112  canopen.o(.text.CO_process_RPDO)
    CO_process_SYNC                          0x080054a9   Thumb Code   144  canopen.o(.text.CO_process_SYNC)
    CO_process_TPDO                          0x08005539   Thumb Code   112  canopen.o(.text.CO_process_TPDO)
    DebugMon_Handler                         0x080055e9   Thumb Code     2  stm32f1xx_it.o(.text.DebugMon_Handler)
    EXTI15_10_IRQHandler                     0x080055ed   Thumb Code    12  stm32f1xx_it.o(.text.EXTI15_10_IRQHandler)
    Error_Handler                            0x080055f9   Thumb Code    14  main.o(.text.Error_Handler)
    HAL_CAN_ActivateNotification             0x08005609   Thumb Code    82  stm32f1xx_hal_can.o(.text.HAL_CAN_ActivateNotification)
    HAL_CAN_AddTxMessage                     0x0800565d   Thumb Code   342  stm32f1xx_hal_can.o(.text.HAL_CAN_AddTxMessage)
    HAL_CAN_ConfigFilter                     0x080057b5   Thumb Code   378  stm32f1xx_hal_can.o(.text.HAL_CAN_ConfigFilter)
    HAL_CAN_ErrorCallback                    0x08005931   Thumb Code     8  stm32f1xx_hal_can.o(.text.HAL_CAN_ErrorCallback)
    HAL_CAN_GetRxMessage                     0x08005939   Thumb Code   530  stm32f1xx_hal_can.o(.text.HAL_CAN_GetRxMessage)
    HAL_CAN_GetTxMailboxesFreeLevel          0x08005b4d   Thumb Code   112  stm32f1xx_hal_can.o(.text.HAL_CAN_GetTxMailboxesFreeLevel)
    HAL_CAN_IRQHandler                       0x08005bbd   Thumb Code  1010  stm32f1xx_hal_can.o(.text.HAL_CAN_IRQHandler)
    HAL_CAN_Init                             0x08005fb1   Thumb Code   478  stm32f1xx_hal_can.o(.text.HAL_CAN_Init)
    HAL_CAN_MspInit                          0x08006191   Thumb Code   252  can.o(.text.HAL_CAN_MspInit)
    HAL_CAN_RxFifo0FullCallback              0x0800628d   Thumb Code     8  stm32f1xx_hal_can.o(.text.HAL_CAN_RxFifo0FullCallback)
    HAL_CAN_RxFifo0MsgPendingCallback        0x08006295   Thumb Code    20  co_driver_stm32.o(.text.HAL_CAN_RxFifo0MsgPendingCallback)
    HAL_CAN_RxFifo1FullCallback              0x080062a9   Thumb Code     8  stm32f1xx_hal_can.o(.text.HAL_CAN_RxFifo1FullCallback)
    HAL_CAN_RxFifo1MsgPendingCallback        0x080062b1   Thumb Code    20  co_driver_stm32.o(.text.HAL_CAN_RxFifo1MsgPendingCallback)
    HAL_CAN_SleepCallback                    0x080062c5   Thumb Code     8  stm32f1xx_hal_can.o(.text.HAL_CAN_SleepCallback)
    HAL_CAN_Start                            0x080062cd   Thumb Code   138  stm32f1xx_hal_can.o(.text.HAL_CAN_Start)
    HAL_CAN_Stop                             0x08006359   Thumb Code   146  stm32f1xx_hal_can.o(.text.HAL_CAN_Stop)
    HAL_CAN_TxMailbox0AbortCallback          0x080063ed   Thumb Code     8  stm32f1xx_hal_can.o(.text.HAL_CAN_TxMailbox0AbortCallback)
    HAL_CAN_TxMailbox0CompleteCallback       0x080063f5   Thumb Code    26  co_driver_stm32.o(.text.HAL_CAN_TxMailbox0CompleteCallback)
    HAL_CAN_TxMailbox1AbortCallback          0x08006411   Thumb Code     8  stm32f1xx_hal_can.o(.text.HAL_CAN_TxMailbox1AbortCallback)
    HAL_CAN_TxMailbox1CompleteCallback       0x08006419   Thumb Code    26  co_driver_stm32.o(.text.HAL_CAN_TxMailbox1CompleteCallback)
    HAL_CAN_TxMailbox2AbortCallback          0x08006435   Thumb Code     8  stm32f1xx_hal_can.o(.text.HAL_CAN_TxMailbox2AbortCallback)
    HAL_CAN_TxMailbox2CompleteCallback       0x0800643d   Thumb Code    26  co_driver_stm32.o(.text.HAL_CAN_TxMailbox2CompleteCallback)
    HAL_CAN_WakeUpFromRxMsgCallback          0x08006459   Thumb Code     8  stm32f1xx_hal_can.o(.text.HAL_CAN_WakeUpFromRxMsgCallback)
    HAL_Delay                                0x08006461   Thumb Code    66  stm32f1xx_hal.o(.text.HAL_Delay)
    HAL_GPIO_EXTI_Callback                   0x080064a5   Thumb Code   244  main.o(.text.HAL_GPIO_EXTI_Callback)
    HAL_GPIO_EXTI_IRQHandler                 0x08006599   Thumb Code    56  stm32f1xx_hal_gpio.o(.text.HAL_GPIO_EXTI_IRQHandler)
    HAL_GPIO_Init                            0x080065d1   Thumb Code   798  stm32f1xx_hal_gpio.o(.text.HAL_GPIO_Init)
    HAL_GPIO_ReadPin                         0x080068f1   Thumb Code    46  stm32f1xx_hal_gpio.o(.text.HAL_GPIO_ReadPin)
    HAL_GPIO_WritePin                        0x08006921   Thumb Code    46  stm32f1xx_hal_gpio.o(.text.HAL_GPIO_WritePin)
    HAL_GetTick                              0x08006951   Thumb Code    12  stm32f1xx_hal.o(.text.HAL_GetTick)
    HAL_IncTick                              0x0800695d   Thumb Code    26  stm32f1xx_hal.o(.text.HAL_IncTick)
    HAL_Init                                 0x08006979   Thumb Code    44  stm32f1xx_hal.o(.text.HAL_Init)
    HAL_InitTick                             0x080069a5   Thumb Code   112  stm32f1xx_hal.o(.text.HAL_InitTick)
    HAL_MspInit                              0x08006a15   Thumb Code   100  stm32f1xx_hal_msp.o(.text.HAL_MspInit)
    HAL_NVIC_EnableIRQ                       0x08006a79   Thumb Code    20  stm32f1xx_hal_cortex.o(.text.HAL_NVIC_EnableIRQ)
    HAL_NVIC_SetPriority                     0x08006a8d   Thumb Code    50  stm32f1xx_hal_cortex.o(.text.HAL_NVIC_SetPriority)
    HAL_NVIC_SetPriorityGrouping             0x08006ac1   Thumb Code    16  stm32f1xx_hal_cortex.o(.text.HAL_NVIC_SetPriorityGrouping)
    HAL_NVIC_SystemReset                     0x08006ad1   Thumb Code     4  stm32f1xx_hal_cortex.o(.text.HAL_NVIC_SystemReset)
    HAL_RCC_ClockConfig                      0x08006ad5   Thumb Code   598  stm32f1xx_hal_rcc.o(.text.HAL_RCC_ClockConfig)
    HAL_RCC_GetSysClockFreq                  0x08006d2d   Thumb Code   188  stm32f1xx_hal_rcc.o(.text.HAL_RCC_GetSysClockFreq)
    HAL_RCC_OscConfig                        0x08006de9   Thumb Code  1658  stm32f1xx_hal_rcc.o(.text.HAL_RCC_OscConfig)
    HAL_SYSTICK_Config                       0x08007465   Thumb Code    16  stm32f1xx_hal_cortex.o(.text.HAL_SYSTICK_Config)
    HAL_TIMEx_BreakCallback                  0x08007475   Thumb Code     8  stm32f1xx_hal_tim_ex.o(.text.HAL_TIMEx_BreakCallback)
    HAL_TIMEx_CommutCallback                 0x0800747d   Thumb Code     8  stm32f1xx_hal_tim_ex.o(.text.HAL_TIMEx_CommutCallback)
    HAL_TIMEx_MasterConfigSynchronization    0x08007485   Thumb Code   220  stm32f1xx_hal_tim_ex.o(.text.HAL_TIMEx_MasterConfigSynchronization)
    HAL_TIM_Base_Init                        0x08007561   Thumb Code   156  stm32f1xx_hal_tim.o(.text.HAL_TIM_Base_Init)
    HAL_TIM_Base_MspInit                     0x080075fd   Thumb Code    78  tim.o(.text.HAL_TIM_Base_MspInit)
    HAL_TIM_Base_Start_IT                    0x0800764d   Thumb Code   176  stm32f1xx_hal_tim.o(.text.HAL_TIM_Base_Start_IT)
    HAL_TIM_Base_Stop_IT                     0x080076fd   Thumb Code    82  stm32f1xx_hal_tim.o(.text.HAL_TIM_Base_Stop_IT)
    HAL_TIM_ConfigClockSource                0x08007751   Thumb Code   388  stm32f1xx_hal_tim.o(.text.HAL_TIM_ConfigClockSource)
    HAL_TIM_IC_CaptureCallback               0x080078d5   Thumb Code     8  stm32f1xx_hal_tim.o(.text.HAL_TIM_IC_CaptureCallback)
    HAL_TIM_IRQHandler                       0x080078dd   Thumb Code   634  stm32f1xx_hal_tim.o(.text.HAL_TIM_IRQHandler)
    HAL_TIM_OC_DelayElapsedCallback          0x08007b59   Thumb Code     8  stm32f1xx_hal_tim.o(.text.HAL_TIM_OC_DelayElapsedCallback)
    HAL_TIM_PWM_PulseFinishedCallback        0x08007b61   Thumb Code     8  stm32f1xx_hal_tim.o(.text.HAL_TIM_PWM_PulseFinishedCallback)
    HAL_TIM_PeriodElapsedCallback            0x08007b69   Thumb Code    60  tim.o(.text.HAL_TIM_PeriodElapsedCallback)
    HAL_TIM_TriggerCallback                  0x08007ba5   Thumb Code     8  stm32f1xx_hal_tim.o(.text.HAL_TIM_TriggerCallback)
    HardFault_Handler                        0x08007bad   Thumb Code     4  stm32f1xx_it.o(.text.HardFault_Handler)
    MX_CAN_Init                              0x08007bb1   Thumb Code    78  can.o(.text.MX_CAN_Init)
    MX_GPIO_Init                             0x08007c01   Thumb Code   254  gpio.o(.text.MX_GPIO_Init)
    MX_TIM3_Init                             0x08007d01   Thumb Code   132  tim.o(.text.MX_TIM3_Init)
    MemManage_Handler                        0x08007d85   Thumb Code     4  stm32f1xx_it.o(.text.MemManage_Handler)
    NMI_Handler                              0x08007d89   Thumb Code     4  stm32f1xx_it.o(.text.NMI_Handler)
    OD_find                                  0x08007f2d   Thumb Code   244  co_odinterface.o(.text.OD_find)
    OD_getPtr                                0x08008101   Thumb Code   140  co_odinterface.o(.text.OD_getPtr)
    OD_getSDOabCode                          0x0800818d   Thumb Code    66  co_odinterface.o(.text.OD_getSDOabCode)
    OD_getSub                                0x080081d1   Thumb Code   558  co_odinterface.o(.text.OD_getSub)
    OD_get_value                             0x080085b9   Thumb Code   122  co_odinterface.o(.text.OD_get_value)
    OD_readOriginal                          0x0800866d   Thumb Code   204  co_odinterface.o(.text.OD_readOriginal)
    OD_set_value                             0x080089c9   Thumb Code   108  co_odinterface.o(.text.OD_set_value)
    OD_writeOriginal                         0x08008a45   Thumb Code   222  co_odinterface.o(.text.OD_writeOriginal)
    PendSV_Handler                           0x08009d45   Thumb Code     2  stm32f1xx_it.o(.text.PendSV_Handler)
    SEGGER_RTT_Init                          0x08009d85   Thumb Code     8  segger_rtt.o(.text.SEGGER_RTT_Init)
    SEGGER_RTT_Write                         0x08009d8d   Thumb Code    78  segger_rtt.o(.text.SEGGER_RTT_Write)
    SEGGER_RTT_WriteNoLock                   0x08009ddd   Thumb Code   176  segger_rtt.o(.text.SEGGER_RTT_WriteNoLock)
    SEGGER_RTT_printf                        0x08009e8d   Thumb Code    42  segger_rtt_printf.o(.text.SEGGER_RTT_printf)
    SEGGER_RTT_vprintf                       0x08009eb9   Thumb Code   848  segger_rtt_printf.o(.text.SEGGER_RTT_vprintf)
    SVC_Handler                              0x0800a209   Thumb Code     2  stm32f1xx_it.o(.text.SVC_Handler)
    SysTick_Handler                          0x0800a261   Thumb Code     8  stm32f1xx_it.o(.text.SysTick_Handler)
    SystemClock_Config                       0x0800a269   Thumb Code   108  main.o(.text.SystemClock_Config)
    SystemInit                               0x0800a2d5   Thumb Code     2  system_stm32f1xx.o(.text.SystemInit)
    TIM3_IRQHandler                          0x0800a2d9   Thumb Code    16  stm32f1xx_it.o(.text.TIM3_IRQHandler)
    TIM_Base_SetConfig                       0x0800a2e9   Thumb Code   240  stm32f1xx_hal_tim.o(.text.TIM_Base_SetConfig)
    TIM_ETR_SetConfig                        0x0800a3d9   Thumb Code    52  stm32f1xx_hal_tim.o(.text.TIM_ETR_SetConfig)
    USB_HP_CAN1_TX_IRQHandler                0x0800a4dd   Thumb Code    16  stm32f1xx_it.o(.text.USB_HP_CAN1_TX_IRQHandler)
    USB_LP_CAN1_RX0_IRQHandler               0x0800a4ed   Thumb Code    16  stm32f1xx_it.o(.text.USB_LP_CAN1_RX0_IRQHandler)
    UsageFault_Handler                       0x0800a4fd   Thumb Code     4  stm32f1xx_it.o(.text.UsageFault_Handler)
    canopen_app_init                         0x0800ac19   Thumb Code   124  co_app_stm32.o(.text.canopen_app_init)
    canopen_app_interrupt                    0x0800ac95   Thumb Code   162  co_app_stm32.o(.text.canopen_app_interrupt)
    canopen_app_process                      0x0800ad39   Thumb Code   248  co_app_stm32.o(.text.canopen_app_process)
    canopen_app_resetCommunication           0x0800ae31   Thumb Code   710  co_app_stm32.o(.text.canopen_app_resetCommunication)
    main                                     0x0800b0f9   Thumb Code   112  main.o(.text.main)
    __scatterload_copy                       0x0800b6a1   Thumb Code    14  handlers.o(i.__scatterload_copy)
    __scatterload_null                       0x0800b6af   Thumb Code     2  handlers.o(i.__scatterload_null)
    __scatterload_zeroinit                   0x0800b6b1   Thumb Code    14  handlers.o(i.__scatterload_zeroinit)
    free                                     0x0800b6c1   Thumb Code    76  malloc.o(i.free)
    malloc                                   0x0800b711   Thumb Code    92  malloc.o(i.malloc)
    AHBPrescTable                            0x0800b77c   Data          16  system_stm32f1xx.o(.rodata.AHBPrescTable)
    Region$$Table$$Base                      0x0800c1e0   Number         0  anon$$obj.o(Region$$Table)
    Region$$Table$$Limit                     0x0800c200   Number         0  anon$$obj.o(Region$$Table)
    __stdout                                 0x20000000   Data           4  stdout.o(.data)
    __microlib_freelist                      0x20000004   Data           4  mvars.o(.data)
    __microlib_freelist_initialised          0x20000008   Data           4  mvars.o(.data)
    CAN_ID                                   0x2000000c   Data           4  main.o(.data.CAN_ID)
    CAN_SendBuf                              0x20000010   Data           8  main.o(.data.CAN_SendBuf)
    OD                                       0x20000018   Data           4  od.o(.data.OD)
    OD_PERSIST_COMM                          0x200001b4   Data         504  od.o(.data.OD_PERSIST_COMM)
    OD_RAM                                   0x200003ac   Data          52  od.o(.data.OD_RAM)
    SystemCoreClock                          0x200003e0   Data           4  system_stm32f1xx.o(.data.SystemCoreClock)
    uwTickFreq                               0x200003ec   Data           1  stm32f1xx_hal.o(.data.uwTickFreq)
    uwTickPrio                               0x200003f0   Data           4  stm32f1xx_hal.o(.data.uwTickPrio)
    CO                                       0x200003fc   Data           4  co_app_stm32.o(.bss.CO)
    _SEGGER_RTT                              0x20000400   Data         168  segger_rtt.o(.bss._SEGGER_RTT)
    canopenNodeSTM32                         0x200008b8   Data           4  co_app_stm32.o(.bss.canopenNodeSTM32)
    err                                      0x200008bc   Data           1  co_app_stm32.o(.bss.err)
    hcan                                     0x200008c0   Data          40  can.o(.bss.hcan)
    htim3                                    0x200008e8   Data          72  tim.o(.bss.htim3)
    time_current                             0x20000964   Data           4  co_app_stm32.o(.bss.time_current)
    time_old                                 0x20000968   Data           4  co_app_stm32.o(.bss.time_old)
    uwTick                                   0x2000096c   Data           4  stm32f1xx_hal.o(.bss.uwTick)
    __heap_base                              0x20000970   Data           0  startup_stm32f103xb.o(HEAP)
    __heap_limit                             0x20003870   Data           0  startup_stm32f103xb.o(HEAP)
    __initial_sp                             0x20004770   Data           0  startup_stm32f103xb.o(STACK)



==============================================================================

Memory Map of the image

  Image Entry point : 0x080000ed

  Load Region LR_IROM1 (Base: 0x08000000, Size: 0x0000c5f8, Max: 0x00010000, ABSOLUTE, COMPRESSED[0x0000c340])

    Execution Region ER_IROM1 (Exec base: 0x08000000, Load base: 0x08000000, Size: 0x0000c200, Max: 0x00010000, ABSOLUTE)

    Exec Addr    Load Addr    Size         Type   Attr      Idx    E Section Name        Object

    0x08000000   0x08000000   0x000000ec   Data   RO            3    RESET               startup_stm32f103xb.o
    0x080000ec   0x080000ec   0x00000000   Code   RO         1453  * .ARM.Collect$$$$00000000  mc_w.l(entry.o)
    0x080000ec   0x080000ec   0x00000004   Code   RO         1501    .ARM.Collect$$$$00000001  mc_w.l(entry2.o)
    0x080000f0   0x080000f0   0x00000004   Code   RO         1504    .ARM.Collect$$$$00000004  mc_w.l(entry5.o)
    0x080000f4   0x080000f4   0x00000000   Code   RO         1506    .ARM.Collect$$$$00000008  mc_w.l(entry7b.o)
    0x080000f4   0x080000f4   0x00000000   Code   RO         1508    .ARM.Collect$$$$0000000A  mc_w.l(entry8b.o)
    0x080000f4   0x080000f4   0x00000008   Code   RO         1509    .ARM.Collect$$$$0000000B  mc_w.l(entry9a.o)
    0x080000fc   0x080000fc   0x00000000   Code   RO         1511    .ARM.Collect$$$$0000000D  mc_w.l(entry10a.o)
    0x080000fc   0x080000fc   0x00000000   Code   RO         1513    .ARM.Collect$$$$0000000F  mc_w.l(entry11a.o)
    0x080000fc   0x080000fc   0x00000004   Code   RO         1502    .ARM.Collect$$$$00002712  mc_w.l(entry2.o)
    0x08000100   0x08000100   0x00000024   Code   RO            4    .text               startup_stm32f103xb.o
    0x08000124   0x08000124   0x00000040   Code   RO         1461    .text               mc_w.l(memmovea.o)
    0x08000164   0x08000164   0x00000024   Code   RO         1463    .text               mc_w.l(memseta.o)
    0x08000188   0x08000188   0x0000000e   Code   RO         1465    .text               mc_w.l(strlen.o)
    0x08000196   0x08000196   0x0000001c   Code   RO         1499    .text               mc_w.l(calloc.o)
    0x080001b2   0x080001b2   0x00000002   PAD
    0x080001b4   0x080001b4   0x00000030   Code   RO         1517    .text               mc_w.l(init.o)
    0x080001e4   0x080001e4   0x00000056   Code   RO         1527    .text               mc_w.l(__dczerorl2.o)
    0x0800023a   0x0800023a   0x00000002   PAD
    0x0800023c   0x0800023c   0x00000004   Code   RO          224    .text.BusFault_Handler  stm32f1xx_it.o
    0x08000240   0x08000240   0x00000010   Code   RO          240    .text.CAN1_RX1_IRQHandler  stm32f1xx_it.o
    0x08000250   0x08000250   0x00000042   Code   RO          189    .text.CAN_FilterInit  can.o
    0x08000292   0x08000292   0x00000002   PAD
    0x08000294   0x08000294   0x000000ae   Code   RO          187    .text.CAN_SendMsg   can.o
    0x08000342   0x08000342   0x00000002   PAD
    0x08000344   0x08000344   0x00000022   Code   RO          191    .text.CAN_Start     can.o
    0x08000366   0x08000366   0x00000002   PAD
    0x08000368   0x08000368   0x000000d2   Code   RO         1118    .text.CO_CANclearPendingSyncPDOs  co_driver_stm32.o
    0x0800043a   0x0800043a   0x00000002   PAD
    0x0800043c   0x0800043c   0x00000064   Code   RO          122    .text.CO_CANinit    canopen.o
    0x080004a0   0x080004a0   0x000000b0   Code   RO         1128    .text.CO_CANinterrupt_TX  co_driver_stm32.o
    0x08000550   0x08000550   0x00000024   Code   RO         1108    .text.CO_CANmodule_disable  co_driver_stm32.o
    0x08000574   0x08000574   0x000001a4   Code   RO         1106    .text.CO_CANmodule_init  co_driver_stm32.o
    0x08000718   0x08000718   0x000000a0   Code   RO         1120    .text.CO_CANmodule_process  co_driver_stm32.o
    0x080007b8   0x080007b8   0x00000322   Code   RO          126    .text.CO_CANopenInit  canopen.o
    0x08000ada   0x08000ada   0x00000002   PAD
    0x08000adc   0x08000adc   0x00000216   Code   RO          128    .text.CO_CANopenInitPDO  canopen.o
    0x08000cf2   0x08000cf2   0x00000002   PAD
    0x08000cf4   0x08000cf4   0x000000a4   Code   RO         1110    .text.CO_CANrxBufferInit  co_driver_stm32.o
    0x08000d98   0x08000d98   0x00000084   Code   RO         1114    .text.CO_CANsend    co_driver_stm32.o
    0x08000e1c   0x08000e1c   0x0000001a   Code   RO         1102    .text.CO_CANsetConfigurationMode  co_driver_stm32.o
    0x08000e36   0x08000e36   0x00000002   PAD
    0x08000e38   0x08000e38   0x0000002a   Code   RO         1104    .text.CO_CANsetNormalMode  co_driver_stm32.o
    0x08000e62   0x08000e62   0x00000002   PAD
    0x08000e64   0x08000e64   0x0000007a   Code   RO         1112    .text.CO_CANtxBufferInit  co_driver_stm32.o
    0x08000ede   0x08000ede   0x00000002   PAD
    0x08000ee0   0x08000ee0   0x000001f2   Code   RO         1158    .text.CO_EM_init    co_emergency.o
    0x080010d2   0x080010d2   0x00000002   PAD
    0x080010d4   0x080010d4   0x000002b4   Code   RO         1172    .text.CO_EM_process  co_emergency.o
    0x08001388   0x08001388   0x0000003a   Code   RO         1206    .text.CO_HBcons_receive  co_hbconsumer.o
    0x080013c2   0x080013c2   0x00000002   PAD
    0x080013c4   0x080013c4   0x0000019e   Code   RO         1190    .text.CO_HBconsumer_init  co_hbconsumer.o
    0x08001562   0x08001562   0x00000002   PAD
    0x08001564   0x08001564   0x00000174   Code   RO         1196    .text.CO_HBconsumer_initEntry  co_hbconsumer.o
    0x080016d8   0x080016d8   0x000001e4   Code   RO         1202    .text.CO_HBconsumer_process  co_hbconsumer.o
    0x080018bc   0x080018bc   0x00000034   Code   RO         1420    .text.CO_LEDs_init  co_leds.o
    0x080018f0   0x080018f0   0x000003ce   Code   RO         1422    .text.CO_LEDs_process  co_leds.o
    0x08001cbe   0x08001cbe   0x00000002   PAD
    0x08001cc0   0x08001cc0   0x00000068   Code   RO          124    .text.CO_LSSinit    canopen.o
    0x08001d28   0x08001d28   0x00000020   Code   RO          134    .text.CO_LSSslave_getState  canopen.o
    0x08001d48   0x08001d48   0x0000014e   Code   RO         1434    .text.CO_LSSslave_init  co_lssslave.o
    0x08001e96   0x08001e96   0x00000002   PAD
    0x08001e98   0x08001e98   0x00000376   Code   RO         1444    .text.CO_LSSslave_process  co_lssslave.o
    0x0800220e   0x0800220e   0x00000002   PAD
    0x08002210   0x08002210   0x000002b6   Code   RO         1436    .text.CO_LSSslave_receive  co_lssslave.o
    0x080024c6   0x080024c6   0x00000002   PAD
    0x080024c8   0x080024c8   0x00000022   Code   RO          132    .text.CO_NMT_getInternalState  canopen.o
    0x080024ea   0x080024ea   0x00000002   PAD
    0x080024ec   0x080024ec   0x0000020c   Code   RO         1215    .text.CO_NMT_init   co_nmt_heartbeat.o
    0x080026f8   0x080026f8   0x0000021a   Code   RO         1227    .text.CO_NMT_process  co_nmt_heartbeat.o
    0x08002912   0x08002912   0x00000002   PAD
    0x08002914   0x08002914   0x00000056   Code   RO         1225    .text.CO_NMT_receive  co_nmt_heartbeat.o
    0x0800296a   0x0800296a   0x00000002   PAD
    0x0800296c   0x0800296c   0x000000f0   Code   RO         1279    .text.CO_PDO_receive  co_pdo.o
    0x08002a5c   0x08002a5c   0x000002ec   Code   RO         1271    .text.CO_RPDO_init  co_pdo.o
    0x08002d48   0x08002d48   0x0000028a   Code   RO         1293    .text.CO_RPDO_process  co_pdo.o
    0x08002fd2   0x08002fd2   0x00000002   PAD
    0x08002fd4   0x08002fd4   0x00000062   Code   RO         1353    .text.CO_SDO_receive  co_sdoserver.o
    0x08003036   0x08003036   0x00000002   PAD
    0x08003038   0x08003038   0x000002b6   Code   RO         1325    .text.CO_SDOserver_init  co_sdoserver.o
    0x080032ee   0x080032ee   0x00000002   PAD
    0x080032f0   0x080032f0   0x0000012a   Code   RO         1339    .text.CO_SDOserver_init_canRxTx  co_sdoserver.o
    0x0800341a   0x0800341a   0x00000002   PAD
    0x0800341c   0x0800341c   0x0000097c   Code   RO         1341    .text.CO_SDOserver_process  co_sdoserver.o
    0x08003d98   0x08003d98   0x00000288   Code   RO         1362    .text.CO_SYNC_init  co_sync.o
    0x08004020   0x08004020   0x000001ae   Code   RO         1378    .text.CO_SYNC_process  co_sync.o
    0x080041ce   0x080041ce   0x00000002   PAD
    0x080041d0   0x080041d0   0x0000008c   Code   RO         1376    .text.CO_SYNC_receive  co_sync.o
    0x0800425c   0x0800425c   0x0000004a   Code   RO         1380    .text.CO_SYNCsend   co_sync.o
    0x080042a6   0x080042a6   0x00000002   PAD
    0x080042a8   0x080042a8   0x0000010e   Code   RO         1393    .text.CO_TIME_init  co_time.o
    0x080043b6   0x080043b6   0x00000002   PAD
    0x080043b8   0x080043b8   0x000000ec   Code   RO         1405    .text.CO_TIME_process  co_time.o
    0x080044a4   0x080044a4   0x0000003e   Code   RO         1403    .text.CO_TIME_receive  co_time.o
    0x080044e2   0x080044e2   0x00000002   PAD
    0x080044e4   0x080044e4   0x00000352   Code   RO         1295    .text.CO_TPDO_init  co_pdo.o
    0x08004836   0x08004836   0x00000002   PAD
    0x08004838   0x08004838   0x0000023e   Code   RO         1299    .text.CO_TPDO_process  co_pdo.o
    0x08004a76   0x08004a76   0x00000002   PAD
    0x08004a78   0x08004a78   0x00000152   Code   RO         1301    .text.CO_TPDOsend   co_pdo.o
    0x08004bca   0x08004bca   0x00000002   PAD
    0x08004bcc   0x08004bcc   0x0000009a   Code   RO          118    .text.CO_delete     canopen.o
    0x08004c66   0x08004c66   0x00000002   PAD
    0x08004c68   0x08004c68   0x00000188   Code   RO         1174    .text.CO_error      co_emergency.o
    0x08004df0   0x08004df0   0x0000002a   Code   RO          138    .text.CO_getErrorRegister  canopen.o
    0x08004e1a   0x08004e1a   0x00000002   PAD
    0x08004e1c   0x08004e1c   0x0000002a   Code   RO         1231    .text.CO_getErrorRegister  co_nmt_heartbeat.o
    0x08004e46   0x08004e46   0x00000002   PAD
    0x08004e48   0x08004e48   0x00000014   Code   RO         1233    .text.CO_getUint16  co_nmt_heartbeat.o
    0x08004e5c   0x08004e5c   0x00000014   Code   RO         1315    .text.CO_getUint16  co_pdo.o
    0x08004e70   0x08004e70   0x00000014   Code   RO         1409    .text.CO_getUint16  co_time.o
    0x08004e84   0x08004e84   0x00000010   Code   RO         1204    .text.CO_getUint32  co_hbconsumer.o
    0x08004e94   0x08004e94   0x00000010   Code   RO         1309    .text.CO_getUint32  co_pdo.o
    0x08004ea4   0x08004ea4   0x00000010   Code   RO         1349    .text.CO_getUint32  co_sdoserver.o
    0x08004eb4   0x08004eb4   0x00000010   Code   RO         1382    .text.CO_getUint32  co_sync.o
    0x08004ec4   0x08004ec4   0x00000010   Code   RO         1407    .text.CO_getUint32  co_time.o
    0x08004ed4   0x08004ed4   0x00000014   Code   RO         1180    .text.CO_getUint8   co_emergency.o
    0x08004ee8   0x08004ee8   0x00000014   Code   RO         1313    .text.CO_getUint8   co_pdo.o
    0x08004efc   0x08004efc   0x00000014   Code   RO         1351    .text.CO_getUint8   co_sdoserver.o
    0x08004f10   0x08004f10   0x00000014   Code   RO         1384    .text.CO_getUint8   co_sync.o
    0x08004f24   0x08004f24   0x0000005c   Code   RO          136    .text.CO_isError    canopen.o
    0x08004f80   0x08004f80   0x0000005c   Code   RO         1229    .text.CO_isError    co_nmt_heartbeat.o
    0x08004fdc   0x08004fdc   0x0000020e   Code   RO          116    .text.CO_new        canopen.o
    0x080051ea   0x080051ea   0x00000002   PAD
    0x080051ec   0x080051ec   0x0000024a   Code   RO          130    .text.CO_process    canopen.o
    0x08005436   0x08005436   0x00000002   PAD
    0x08005438   0x08005438   0x00000070   Code   RO          142    .text.CO_process_RPDO  canopen.o
    0x080054a8   0x080054a8   0x00000090   Code   RO          140    .text.CO_process_SYNC  canopen.o
    0x08005538   0x08005538   0x00000070   Code   RO          144    .text.CO_process_TPDO  canopen.o
    0x080055a8   0x080055a8   0x00000012   Code   RO         1176    .text.CO_setUint32  co_emergency.o
    0x080055ba   0x080055ba   0x00000002   PAD
    0x080055bc   0x080055bc   0x00000012   Code   RO         1311    .text.CO_setUint32  co_pdo.o
    0x080055ce   0x080055ce   0x00000002   PAD
    0x080055d0   0x080055d0   0x00000016   Code   RO         1178    .text.CO_setUint8   co_emergency.o
    0x080055e6   0x080055e6   0x00000002   PAD
    0x080055e8   0x080055e8   0x00000002   Code   RO          230    .text.DebugMon_Handler  stm32f1xx_it.o
    0x080055ea   0x080055ea   0x00000002   PAD
    0x080055ec   0x080055ec   0x0000000c   Code   RO          244    .text.EXTI15_10_IRQHandler  stm32f1xx_it.o
    0x080055f8   0x080055f8   0x0000000e   Code   RO          158    .text.Error_Handler  main.o
    0x08005606   0x08005606   0x00000002   PAD
    0x08005608   0x08005608   0x00000052   Code   RO          308    .text.HAL_CAN_ActivateNotification  stm32f1xx_hal_can.o
    0x0800565a   0x0800565a   0x00000002   PAD
    0x0800565c   0x0800565c   0x00000156   Code   RO          294    .text.HAL_CAN_AddTxMessage  stm32f1xx_hal_can.o
    0x080057b2   0x080057b2   0x00000002   PAD
    0x080057b4   0x080057b4   0x0000017a   Code   RO          284    .text.HAL_CAN_ConfigFilter  stm32f1xx_hal_can.o
    0x0800592e   0x0800592e   0x00000002   PAD
    0x08005930   0x08005930   0x00000008   Code   RO          338    .text.HAL_CAN_ErrorCallback  stm32f1xx_hal_can.o
    0x08005938   0x08005938   0x00000212   Code   RO          304    .text.HAL_CAN_GetRxMessage  stm32f1xx_hal_can.o
    0x08005b4a   0x08005b4a   0x00000002   PAD
    0x08005b4c   0x08005b4c   0x00000070   Code   RO          298    .text.HAL_CAN_GetTxMailboxesFreeLevel  stm32f1xx_hal_can.o
    0x08005bbc   0x08005bbc   0x000003f2   Code   RO          312    .text.HAL_CAN_IRQHandler  stm32f1xx_hal_can.o
    0x08005fae   0x08005fae   0x00000002   PAD
    0x08005fb0   0x08005fb0   0x000001de   Code   RO          274    .text.HAL_CAN_Init  stm32f1xx_hal_can.o
    0x0800618e   0x0800618e   0x00000002   PAD
    0x08006190   0x08006190   0x000000fc   Code   RO          183    .text.HAL_CAN_MspInit  can.o
    0x0800628c   0x0800628c   0x00000008   Code   RO          326    .text.HAL_CAN_RxFifo0FullCallback  stm32f1xx_hal_can.o
    0x08006294   0x08006294   0x00000014   Code   RO         1122    .text.HAL_CAN_RxFifo0MsgPendingCallback  co_driver_stm32.o
    0x080062a8   0x080062a8   0x00000008   Code   RO          330    .text.HAL_CAN_RxFifo1FullCallback  stm32f1xx_hal_can.o
    0x080062b0   0x080062b0   0x00000014   Code   RO         1126    .text.HAL_CAN_RxFifo1MsgPendingCallback  co_driver_stm32.o
    0x080062c4   0x080062c4   0x00000008   Code   RO          334    .text.HAL_CAN_SleepCallback  stm32f1xx_hal_can.o
    0x080062cc   0x080062cc   0x0000008a   Code   RO          286    .text.HAL_CAN_Start  stm32f1xx_hal_can.o
    0x08006356   0x08006356   0x00000002   PAD
    0x08006358   0x08006358   0x00000092   Code   RO          280    .text.HAL_CAN_Stop  stm32f1xx_hal_can.o
    0x080063ea   0x080063ea   0x00000002   PAD
    0x080063ec   0x080063ec   0x00000008   Code   RO          316    .text.HAL_CAN_TxMailbox0AbortCallback  stm32f1xx_hal_can.o
    0x080063f4   0x080063f4   0x0000001a   Code   RO         1130    .text.HAL_CAN_TxMailbox0CompleteCallback  co_driver_stm32.o
    0x0800640e   0x0800640e   0x00000002   PAD
    0x08006410   0x08006410   0x00000008   Code   RO          320    .text.HAL_CAN_TxMailbox1AbortCallback  stm32f1xx_hal_can.o
    0x08006418   0x08006418   0x0000001a   Code   RO         1132    .text.HAL_CAN_TxMailbox1CompleteCallback  co_driver_stm32.o
    0x08006432   0x08006432   0x00000002   PAD
    0x08006434   0x08006434   0x00000008   Code   RO          324    .text.HAL_CAN_TxMailbox2AbortCallback  stm32f1xx_hal_can.o
    0x0800643c   0x0800643c   0x0000001a   Code   RO         1134    .text.HAL_CAN_TxMailbox2CompleteCallback  co_driver_stm32.o
    0x08006456   0x08006456   0x00000002   PAD
    0x08006458   0x08006458   0x00000008   Code   RO          336    .text.HAL_CAN_WakeUpFromRxMsgCallback  stm32f1xx_hal_can.o
    0x08006460   0x08006460   0x00000042   Code   RO          373    .text.HAL_Delay     stm32f1xx_hal.o
    0x080064a2   0x080064a2   0x00000002   PAD
    0x080064a4   0x080064a4   0x000000f4   Code   RO          160    .text.HAL_GPIO_EXTI_Callback  main.o
    0x08006598   0x08006598   0x00000038   Code   RO          479    .text.HAL_GPIO_EXTI_IRQHandler  stm32f1xx_hal_gpio.o
    0x080065d0   0x080065d0   0x0000031e   Code   RO          467    .text.HAL_GPIO_Init  stm32f1xx_hal_gpio.o
    0x080068ee   0x080068ee   0x00000002   PAD
    0x080068f0   0x080068f0   0x0000002e   Code   RO          471    .text.HAL_GPIO_ReadPin  stm32f1xx_hal_gpio.o
    0x0800691e   0x0800691e   0x00000002   PAD
    0x08006920   0x08006920   0x0000002e   Code   RO          473    .text.HAL_GPIO_WritePin  stm32f1xx_hal_gpio.o
    0x0800694e   0x0800694e   0x00000002   PAD
    0x08006950   0x08006950   0x0000000c   Code   RO          365    .text.HAL_GetTick   stm32f1xx_hal.o
    0x0800695c   0x0800695c   0x0000001a   Code   RO          363    .text.HAL_IncTick   stm32f1xx_hal.o
    0x08006976   0x08006976   0x00000002   PAD
    0x08006978   0x08006978   0x0000002c   Code   RO          353    .text.HAL_Init      stm32f1xx_hal.o
    0x080069a4   0x080069a4   0x00000070   Code   RO          355    .text.HAL_InitTick  stm32f1xx_hal.o
    0x08006a14   0x08006a14   0x00000064   Code   RO          253    .text.HAL_MspInit   stm32f1xx_hal_msp.o
    0x08006a78   0x08006a78   0x00000014   Code   RO          535    .text.HAL_NVIC_EnableIRQ  stm32f1xx_hal_cortex.o
    0x08006a8c   0x08006a8c   0x00000032   Code   RO          527    .text.HAL_NVIC_SetPriority  stm32f1xx_hal_cortex.o
    0x08006abe   0x08006abe   0x00000002   PAD
    0x08006ac0   0x08006ac0   0x00000010   Code   RO          523    .text.HAL_NVIC_SetPriorityGrouping  stm32f1xx_hal_cortex.o
    0x08006ad0   0x08006ad0   0x00000004   Code   RO          543    .text.HAL_NVIC_SystemReset  stm32f1xx_hal_cortex.o
    0x08006ad4   0x08006ad4   0x00000256   Code   RO          419    .text.HAL_RCC_ClockConfig  stm32f1xx_hal_rcc.o
    0x08006d2a   0x08006d2a   0x00000002   PAD
    0x08006d2c   0x08006d2c   0x000000bc   Code   RO          421    .text.HAL_RCC_GetSysClockFreq  stm32f1xx_hal_rcc.o
    0x08006de8   0x08006de8   0x0000067a   Code   RO          415    .text.HAL_RCC_OscConfig  stm32f1xx_hal_rcc.o
    0x08007462   0x08007462   0x00000002   PAD
    0x08007464   0x08007464   0x00000010   Code   RO          547    .text.HAL_SYSTICK_Config  stm32f1xx_hal_cortex.o
    0x08007474   0x08007474   0x00000008   Code   RO         1054    .text.HAL_TIMEx_BreakCallback  stm32f1xx_hal_tim_ex.o
    0x0800747c   0x0800747c   0x00000008   Code   RO         1050    .text.HAL_TIMEx_CommutCallback  stm32f1xx_hal_tim_ex.o
    0x08007484   0x08007484   0x000000dc   Code   RO         1044    .text.HAL_TIMEx_MasterConfigSynchronization  stm32f1xx_hal_tim_ex.o
    0x08007560   0x08007560   0x0000009c   Code   RO          731    .text.HAL_TIM_Base_Init  stm32f1xx_hal_tim.o
    0x080075fc   0x080075fc   0x0000004e   Code   RO          204    .text.HAL_TIM_Base_MspInit  tim.o
    0x0800764a   0x0800764a   0x00000002   PAD
    0x0800764c   0x0800764c   0x000000b0   Code   RO          745    .text.HAL_TIM_Base_Start_IT  stm32f1xx_hal_tim.o
    0x080076fc   0x080076fc   0x00000052   Code   RO          747    .text.HAL_TIM_Base_Stop_IT  stm32f1xx_hal_tim.o
    0x0800774e   0x0800774e   0x00000002   PAD
    0x08007750   0x08007750   0x00000184   Code   RO          923    .text.HAL_TIM_ConfigClockSource  stm32f1xx_hal_tim.o
    0x080078d4   0x080078d4   0x00000008   Code   RO          867    .text.HAL_TIM_IC_CaptureCallback  stm32f1xx_hal_tim.o
    0x080078dc   0x080078dc   0x0000027a   Code   RO          865    .text.HAL_TIM_IRQHandler  stm32f1xx_hal_tim.o
    0x08007b56   0x08007b56   0x00000002   PAD
    0x08007b58   0x08007b58   0x00000008   Code   RO          869    .text.HAL_TIM_OC_DelayElapsedCallback  stm32f1xx_hal_tim.o
    0x08007b60   0x08007b60   0x00000008   Code   RO          871    .text.HAL_TIM_PWM_PulseFinishedCallback  stm32f1xx_hal_tim.o
    0x08007b68   0x08007b68   0x0000003c   Code   RO          208    .text.HAL_TIM_PeriodElapsedCallback  tim.o
    0x08007ba4   0x08007ba4   0x00000008   Code   RO          875    .text.HAL_TIM_TriggerCallback  stm32f1xx_hal_tim.o
    0x08007bac   0x08007bac   0x00000004   Code   RO          220    .text.HardFault_Handler  stm32f1xx_it.o
    0x08007bb0   0x08007bb0   0x0000004e   Code   RO          181    .text.MX_CAN_Init   can.o
    0x08007bfe   0x08007bfe   0x00000002   PAD
    0x08007c00   0x08007c00   0x000000fe   Code   RO          173    .text.MX_GPIO_Init  gpio.o
    0x08007cfe   0x08007cfe   0x00000002   PAD
    0x08007d00   0x08007d00   0x00000084   Code   RO          202    .text.MX_TIM3_Init  tim.o
    0x08007d84   0x08007d84   0x00000004   Code   RO          222    .text.MemManage_Handler  stm32f1xx_it.o
    0x08007d88   0x08007d88   0x00000004   Code   RO          218    .text.NMI_Handler   stm32f1xx_it.o
    0x08007d8c   0x08007d8c   0x0000006c   Code   RO          533    .text.NVIC_EncodePriority  stm32f1xx_hal_cortex.o
    0x08007df8   0x08007df8   0x0000002a   Code   RO         1166    .text.OD_extension_init  co_emergency.o
    0x08007e22   0x08007e22   0x00000002   PAD
    0x08007e24   0x08007e24   0x0000002a   Code   RO         1200    .text.OD_extension_init  co_hbconsumer.o
    0x08007e4e   0x08007e4e   0x00000002   PAD
    0x08007e50   0x08007e50   0x0000002a   Code   RO         1223    .text.OD_extension_init  co_nmt_heartbeat.o
    0x08007e7a   0x08007e7a   0x00000002   PAD
    0x08007e7c   0x08007e7c   0x0000002a   Code   RO         1291    .text.OD_extension_init  co_pdo.o
    0x08007ea6   0x08007ea6   0x00000002   PAD
    0x08007ea8   0x08007ea8   0x0000002a   Code   RO         1337    .text.OD_extension_init  co_sdoserver.o
    0x08007ed2   0x08007ed2   0x00000002   PAD
    0x08007ed4   0x08007ed4   0x0000002a   Code   RO         1370    .text.OD_extension_init  co_sync.o
    0x08007efe   0x08007efe   0x00000002   PAD
    0x08007f00   0x08007f00   0x0000002a   Code   RO         1401    .text.OD_extension_init  co_time.o
    0x08007f2a   0x08007f2a   0x00000002   PAD
    0x08007f2c   0x08007f2c   0x000000f4   Code   RO         1247    .text.OD_find       co_odinterface.o
    0x08008020   0x08008020   0x00000020   Code   RO         1160    .text.OD_getIndex   co_emergency.o
    0x08008040   0x08008040   0x00000020   Code   RO         1194    .text.OD_getIndex   co_hbconsumer.o
    0x08008060   0x08008060   0x00000020   Code   RO         1219    .text.OD_getIndex   co_nmt_heartbeat.o
    0x08008080   0x08008080   0x00000020   Code   RO         1277    .text.OD_getIndex   co_pdo.o
    0x080080a0   0x080080a0   0x00000020   Code   RO         1327    .text.OD_getIndex   co_sdoserver.o
    0x080080c0   0x080080c0   0x00000020   Code   RO         1366    .text.OD_getIndex   co_sync.o
    0x080080e0   0x080080e0   0x00000020   Code   RO         1397    .text.OD_getIndex   co_time.o
    0x08008100   0x08008100   0x0000008c   Code   RO         1261    .text.OD_getPtr     co_odinterface.o
    0x0800818c   0x0800818c   0x00000042   Code   RO         1255    .text.OD_getSDOabCode  co_odinterface.o
    0x080081ce   0x080081ce   0x00000002   PAD
    0x080081d0   0x080081d0   0x0000022e   Code   RO         1249    .text.OD_getSub     co_odinterface.o
    0x080083fe   0x080083fe   0x00000002   PAD
    0x08008400   0x08008400   0x00000028   Code   RO         1217    .text.OD_get_u16    co_nmt_heartbeat.o
    0x08008428   0x08008428   0x00000028   Code   RO         1283    .text.OD_get_u16    co_pdo.o
    0x08008450   0x08008450   0x00000028   Code   RO         1162    .text.OD_get_u32    co_emergency.o
    0x08008478   0x08008478   0x00000028   Code   RO         1192    .text.OD_get_u32    co_hbconsumer.o
    0x080084a0   0x080084a0   0x00000028   Code   RO         1275    .text.OD_get_u32    co_pdo.o
    0x080084c8   0x080084c8   0x00000028   Code   RO         1333    .text.OD_get_u32    co_sdoserver.o
    0x080084f0   0x080084f0   0x00000028   Code   RO         1364    .text.OD_get_u32    co_sync.o
    0x08008518   0x08008518   0x00000028   Code   RO         1395    .text.OD_get_u32    co_time.o
    0x08008540   0x08008540   0x00000028   Code   RO         1281    .text.OD_get_u8     co_pdo.o
    0x08008568   0x08008568   0x00000028   Code   RO         1331    .text.OD_get_u8     co_sdoserver.o
    0x08008590   0x08008590   0x00000028   Code   RO         1372    .text.OD_get_u8     co_sync.o
    0x080085b8   0x080085b8   0x0000007a   Code   RO         1257    .text.OD_get_value  co_odinterface.o
    0x08008632   0x08008632   0x00000002   PAD
    0x08008634   0x08008634   0x00000028   Code   RO         1345    .text.OD_mappable   co_sdoserver.o
    0x0800865c   0x0800865c   0x00000010   Code   RO         1251    .text.OD_readDisabled  co_odinterface.o
    0x0800866c   0x0800866c   0x000000cc   Code   RO         1243    .text.OD_readOriginal  co_odinterface.o
    0x08008738   0x08008738   0x000000fa   Code   RO         1168    .text.OD_read_1003  co_emergency.o
    0x08008832   0x08008832   0x00000002   PAD
    0x08008834   0x08008834   0x00000078   Code   RO         1164    .text.OD_read_1014_default  co_emergency.o
    0x080088ac   0x080088ac   0x0000009c   Code   RO         1285    .text.OD_read_PDO_commParam  co_pdo.o
    0x08008948   0x08008948   0x00000058   Code   RO         1305    .text.OD_read_dummy  co_pdo.o
    0x080089a0   0x080089a0   0x00000026   Code   RO         1329    .text.OD_set_u32    co_sdoserver.o
    0x080089c6   0x080089c6   0x00000002   PAD
    0x080089c8   0x080089c8   0x0000006c   Code   RO         1259    .text.OD_set_value  co_odinterface.o
    0x08008a34   0x08008a34   0x00000010   Code   RO         1253    .text.OD_writeDisabled  co_odinterface.o
    0x08008a44   0x08008a44   0x000000de   Code   RO         1245    .text.OD_writeOriginal  co_odinterface.o
    0x08008b22   0x08008b22   0x00000002   PAD
    0x08008b24   0x08008b24   0x0000006a   Code   RO         1170    .text.OD_write_1003  co_emergency.o
    0x08008b8e   0x08008b8e   0x00000002   PAD
    0x08008b90   0x08008b90   0x000001d2   Code   RO         1368    .text.OD_write_1005  co_sync.o
    0x08008d62   0x08008d62   0x00000002   PAD
    0x08008d64   0x08008d64   0x00000108   Code   RO         1399    .text.OD_write_1012  co_time.o
    0x08008e6c   0x08008e6c   0x000000a6   Code   RO         1198    .text.OD_write_1016  co_hbconsumer.o
    0x08008f12   0x08008f12   0x00000002   PAD
    0x08008f14   0x08008f14   0x0000006c   Code   RO         1221    .text.OD_write_1017  co_nmt_heartbeat.o
    0x08008f80   0x08008f80   0x000000da   Code   RO         1374    .text.OD_write_1019  co_sync.o
    0x0800905a   0x0800905a   0x00000002   PAD
    0x0800905c   0x0800905c   0x0000029e   Code   RO         1335    .text.OD_write_1201_additional  co_sdoserver.o
    0x080092fa   0x080092fa   0x00000002   PAD
    0x080092fc   0x080092fc   0x000002a0   Code   RO         1287    .text.OD_write_14xx  co_pdo.o
    0x0800959c   0x0800959c   0x000002de   Code   RO         1297    .text.OD_write_18xx  co_pdo.o
    0x0800987a   0x0800987a   0x00000002   PAD
    0x0800987c   0x0800987c   0x00000174   Code   RO         1289    .text.OD_write_PDO_mapping  co_pdo.o
    0x080099f0   0x080099f0   0x0000001e   Code   RO         1307    .text.OD_write_dummy  co_pdo.o
    0x08009a0e   0x08009a0e   0x00000002   PAD
    0x08009a10   0x08009a10   0x00000182   Code   RO         1273    .text.PDO_initMapping  co_pdo.o
    0x08009b92   0x08009b92   0x00000002   PAD
    0x08009b94   0x08009b94   0x000001ae   Code   RO         1303    .text.PDOconfigMap  co_pdo.o
    0x08009d42   0x08009d42   0x00000002   PAD
    0x08009d44   0x08009d44   0x00000002   Code   RO          232    .text.PendSV_Handler  stm32f1xx_it.o
    0x08009d46   0x08009d46   0x00000002   PAD
    0x08009d48   0x08009d48   0x0000003a   Code   RO          417    .text.RCC_Delay     stm32f1xx_hal_rcc.o
    0x08009d82   0x08009d82   0x00000002   PAD
    0x08009d84   0x08009d84   0x00000008   Code   RO           71    .text.SEGGER_RTT_Init  segger_rtt.o
    0x08009d8c   0x08009d8c   0x0000004e   Code   RO           35    .text.SEGGER_RTT_Write  segger_rtt.o
    0x08009dda   0x08009dda   0x00000002   PAD
    0x08009ddc   0x08009ddc   0x000000b0   Code   RO           31    .text.SEGGER_RTT_WriteNoLock  segger_rtt.o
    0x08009e8c   0x08009e8c   0x0000002a   Code   RO          105    .text.SEGGER_RTT_printf  segger_rtt_printf.o
    0x08009eb6   0x08009eb6   0x00000002   PAD
    0x08009eb8   0x08009eb8   0x00000350   Code   RO           97    .text.SEGGER_RTT_vprintf  segger_rtt_printf.o
    0x0800a208   0x0800a208   0x00000002   Code   RO          228    .text.SVC_Handler   stm32f1xx_it.o
    0x0800a20a   0x0800a20a   0x00000002   PAD
    0x0800a20c   0x0800a20c   0x00000052   Code   RO          549    .text.SysTick_Config  stm32f1xx_hal_cortex.o
    0x0800a25e   0x0800a25e   0x00000002   PAD
    0x0800a260   0x0800a260   0x00000008   Code   RO          234    .text.SysTick_Handler  stm32f1xx_it.o
    0x0800a268   0x0800a268   0x0000006c   Code   RO          156    .text.SystemClock_Config  main.o
    0x0800a2d4   0x0800a2d4   0x00000002   Code   RO         1067    .text.SystemInit    system_stm32f1xx.o
    0x0800a2d6   0x0800a2d6   0x00000002   PAD
    0x0800a2d8   0x0800a2d8   0x00000010   Code   RO          242    .text.TIM3_IRQHandler  stm32f1xx_it.o
    0x0800a2e8   0x0800a2e8   0x000000f0   Code   RO          735    .text.TIM_Base_SetConfig  stm32f1xx_hal_tim.o
    0x0800a3d8   0x0800a3d8   0x00000034   Code   RO          921    .text.TIM_ETR_SetConfig  stm32f1xx_hal_tim.o
    0x0800a40c   0x0800a40c   0x0000002a   Code   RO          927    .text.TIM_ITRx_SetConfig  stm32f1xx_hal_tim.o
    0x0800a436   0x0800a436   0x00000002   PAD
    0x0800a438   0x0800a438   0x00000050   Code   RO          925    .text.TIM_TI1_ConfigInputStage  stm32f1xx_hal_tim.o
    0x0800a488   0x0800a488   0x00000052   Code   RO          929    .text.TIM_TI2_ConfigInputStage  stm32f1xx_hal_tim.o
    0x0800a4da   0x0800a4da   0x00000002   PAD
    0x0800a4dc   0x0800a4dc   0x00000010   Code   RO          236    .text.USB_HP_CAN1_TX_IRQHandler  stm32f1xx_it.o
    0x0800a4ec   0x0800a4ec   0x00000010   Code   RO          238    .text.USB_LP_CAN1_RX0_IRQHandler  stm32f1xx_it.o
    0x0800a4fc   0x0800a4fc   0x00000004   Code   RO          226    .text.UsageFault_Handler  stm32f1xx_it.o
    0x0800a500   0x0800a500   0x0000009c   Code   RO           13    .text._DoInit       segger_rtt.o
    0x0800a59c   0x0800a59c   0x0000003e   Code   RO           25    .text._GetAvailWriteSpace  segger_rtt.o
    0x0800a5da   0x0800a5da   0x00000002   PAD
    0x0800a5dc   0x0800a5dc   0x000001cc   Code   RO          101    .text._PrintInt     segger_rtt_printf.o
    0x0800a7a8   0x0800a7a8   0x000001ac   Code   RO          103    .text._PrintUnsigned  segger_rtt_printf.o
    0x0800a954   0x0800a954   0x00000076   Code   RO           99    .text._StoreChar    segger_rtt_printf.o
    0x0800a9ca   0x0800a9ca   0x00000002   PAD
    0x0800a9cc   0x0800a9cc   0x000000e0   Code   RO           29    .text._WriteBlocking  segger_rtt.o
    0x0800aaac   0x0800aaac   0x00000084   Code   RO           27    .text._WriteNoCheck  segger_rtt.o
    0x0800ab30   0x0800ab30   0x00000030   Code   RO          537    .text.__NVIC_EnableIRQ  stm32f1xx_hal_cortex.o
    0x0800ab60   0x0800ab60   0x00000010   Code   RO          529    .text.__NVIC_GetPriorityGrouping  stm32f1xx_hal_cortex.o
    0x0800ab70   0x0800ab70   0x00000042   Code   RO          531    .text.__NVIC_SetPriority  stm32f1xx_hal_cortex.o
    0x0800abb2   0x0800abb2   0x00000002   PAD
    0x0800abb4   0x0800abb4   0x0000003c   Code   RO          525    .text.__NVIC_SetPriorityGrouping  stm32f1xx_hal_cortex.o
    0x0800abf0   0x0800abf0   0x00000026   Code   RO          545    .text.__NVIC_SystemReset  stm32f1xx_hal_cortex.o
    0x0800ac16   0x0800ac16   0x00000002   PAD
    0x0800ac18   0x0800ac18   0x0000007c   Code   RO         1081    .text.canopen_app_init  co_app_stm32.o
    0x0800ac94   0x0800ac94   0x000000a2   Code   RO         1087    .text.canopen_app_interrupt  co_app_stm32.o
    0x0800ad36   0x0800ad36   0x00000002   PAD
    0x0800ad38   0x0800ad38   0x000000f8   Code   RO         1085    .text.canopen_app_process  co_app_stm32.o
    0x0800ae30   0x0800ae30   0x000002c6   Code   RO         1083    .text.canopen_app_resetCommunication  co_app_stm32.o
    0x0800b0f6   0x0800b0f6   0x00000002   PAD
    0x0800b0f8   0x0800b0f8   0x00000070   Code   RO          154    .text.main          main.o
    0x0800b168   0x0800b168   0x000000d6   Code   RO         1124    .text.prv_read_can_received_msg  co_driver_stm32.o
    0x0800b23e   0x0800b23e   0x00000002   PAD
    0x0800b240   0x0800b240   0x0000006e   Code   RO         1116    .text.prv_send_can_message  co_driver_stm32.o
    0x0800b2ae   0x0800b2ae   0x00000002   PAD
    0x0800b2b0   0x0800b2b0   0x0000019e   Code   RO         1343    .text.readFromOd    co_sdoserver.o
    0x0800b44e   0x0800b44e   0x00000002   PAD
    0x0800b450   0x0800b450   0x00000250   Code   RO         1347    .text.validateAndWriteToOD  co_sdoserver.o
    0x0800b6a0   0x0800b6a0   0x0000000e   Code   RO         1521    i.__scatterload_copy  mc_w.l(handlers.o)
    0x0800b6ae   0x0800b6ae   0x00000002   Code   RO         1522    i.__scatterload_null  mc_w.l(handlers.o)
    0x0800b6b0   0x0800b6b0   0x0000000e   Code   RO         1523    i.__scatterload_zeroinit  mc_w.l(handlers.o)
    0x0800b6be   0x0800b6be   0x00000002   PAD
    0x0800b6c0   0x0800b6c0   0x00000050   Code   RO         1471    i.free              mc_w.l(malloc.o)
    0x0800b710   0x0800b710   0x0000006c   Code   RO         1472    i.malloc            mc_w.l(malloc.o)
    0x0800b77c   0x0800b77c   0x00000010   Data   RO         1072    .rodata.AHBPrescTable  system_stm32f1xx.o
    0x0800b78c   0x0800b78c   0x00000014   Data   RO         1446    .rodata.CO_LSS_bitTimingTableLookup  co_lssslave.o
    0x0800b7a0   0x0800b7a0   0x00000010   Data   RO          443    .rodata.HAL_RCC_GetSysClockFreq.aPLLMULFactorTable  stm32f1xx_hal_rcc.o
    0x0800b7b0   0x0800b7b0   0x00000002   Data   RO          444    .rodata.HAL_RCC_GetSysClockFreq.aPredivFactorTable  stm32f1xx_hal_rcc.o
    0x0800b7b2   0x0800b7b2   0x00000002   PAD
    0x0800b7b4   0x0800b7b4   0x00000698   Data   RO         1152    .rodata.ODObjs      od.o
    0x0800be4c   0x0800be4c   0x00000068   Data   RO         1263    .rodata.OD_getSDOabCode.abortCodes  co_odinterface.o
    0x0800beb4   0x0800beb4   0x00000011   Data   RO           86    .rodata._DoInit._aInitStr  segger_rtt.o
    0x0800bec5   0x0800bec5   0x00000010   Data   RO          108    .rodata._PrintUnsigned._aV2C  segger_rtt_printf.o
    0x0800bed5   0x0800bed5   0x00000009   Data   RO           87    .rodata.str1.1      segger_rtt.o
    0x0800bede   0x0800bede   0x00000007   Data   RO          107    .rodata.str1.1      segger_rtt_printf.o
    0x0800bee5   0x0800bee5   0x0000001a   Data   RO          146    .rodata.str1.1      canopen.o
    0x0800beff   0x0800beff   0x00000055   Data   RO          164    .rodata.str1.1      main.o
    0x0800bf54   0x0800bf54   0x00000070   Data   RO          194    .rodata.str1.1      can.o
    0x0800bfc4   0x0800bfc4   0x000001b7   Data   RO         1091    .rodata.str1.1      co_app_stm32.o
    0x0800c17b   0x0800c17b   0x00000064   Data   RO         1235    .rodata.str1.1      co_nmt_heartbeat.o
    0x0800c1df   0x0800c1df   0x00000001   PAD
    0x0800c1e0   0x0800c1e0   0x00000020   Data   RO         1520    Region$$Table       anon$$obj.o


    Execution Region RW_IRAM1 (Exec base: 0x20000000, Load base: 0x0800c200, Size: 0x00004770, Max: 0x00005000, ABSOLUTE, COMPRESSED[0x00000140])

    Exec Addr    Load Addr    Size         Type   Attr      Idx    E Section Name        Object

    0x20000000   COMPRESSED   0x00000004   Data   RW         1458    .data               mc_w.l(stdout.o)
    0x20000004   COMPRESSED   0x00000004   Data   RW         1515    .data               mc_w.l(mvars.o)
    0x20000008   COMPRESSED   0x00000004   Data   RW         1516    .data               mc_w.l(mvars.o)
    0x2000000c   COMPRESSED   0x00000004   Data   RW          163    .data.CAN_ID        main.o
    0x20000010   COMPRESSED   0x00000008   Data   RW          162    .data.CAN_SendBuf   main.o
    0x20000018   COMPRESSED   0x00000004   Data   RW         1150    .data.OD            od.o
    0x2000001c   COMPRESSED   0x00000198   Data   RW         1151    .data.ODList        od.o
    0x200001b4   COMPRESSED   0x000001f8   Data   RW         1147    .data.OD_PERSIST_COMM  od.o
    0x200003ac   COMPRESSED   0x00000034   Data   RW         1148    .data.OD_RAM        od.o
    0x200003e0   COMPRESSED   0x00000004   Data   RW         1071    .data.SystemCoreClock  system_stm32f1xx.o
    0x200003e4   COMPRESSED   0x00000008   Data   RW         1149    .data._OD           od.o
    0x200003ec   COMPRESSED   0x00000001   Data   RW          404    .data.uwTickFreq    stm32f1xx_hal.o
    0x200003ed   COMPRESSED   0x00000003   PAD
    0x200003f0   COMPRESSED   0x00000004   Data   RW          403    .data.uwTickPrio    stm32f1xx_hal.o
    0x200003f4   COMPRESSED   0x00000004   PAD
    0x200003f8        -       0x00000004   Zero   RW         1136    .bss.CANModule_local  co_driver_stm32.o
    0x200003fc        -       0x00000004   Zero   RW         1089    .bss.CO             co_app_stm32.o
    0x20000400        -       0x000000a8   Zero   RW           83    .bss._SEGGER_RTT    segger_rtt.o
    0x200004a8        -       0x00000010   Zero   RW           89    .bss._acDownBuffer  segger_rtt.o
    0x200004b8        -       0x00000400   Zero   RW           88    .bss._acUpBuffer    segger_rtt.o
    0x200008b8        -       0x00000004   Zero   RW         1090    .bss.canopenNodeSTM32  co_app_stm32.o
    0x200008bc        -       0x00000001   Zero   RW         1092    .bss.err            co_app_stm32.o
    0x200008bd   COMPRESSED   0x00000003   PAD
    0x200008c0        -       0x00000028   Zero   RW          193    .bss.hcan           can.o
    0x200008e8        -       0x00000048   Zero   RW          210    .bss.htim3          tim.o
    0x20000930        -       0x0000001c   Zero   RW         1138    .bss.prv_read_can_received_msg.rx_hdr  co_driver_stm32.o
    0x2000094c        -       0x00000018   Zero   RW         1137    .bss.prv_send_can_message.tx_hdr  co_driver_stm32.o
    0x20000964        -       0x00000004   Zero   RW         1093    .bss.time_current   co_app_stm32.o
    0x20000968        -       0x00000004   Zero   RW         1094    .bss.time_old       co_app_stm32.o
    0x2000096c        -       0x00000004   Zero   RW          405    .bss.uwTick         stm32f1xx_hal.o
    0x20000970        -       0x00002f00   Zero   RW            2    HEAP                startup_stm32f103xb.o
    0x20003870        -       0x00000f00   Zero   RW            1    STACK               startup_stm32f103xb.o


==============================================================================

Image component sizes


      Code (inc. data)   RO Data    RW Data    ZI Data      Debug   Object Name

       604          0        112          0         40       6058   can.o
      3374          0         26          0          0      18967   canopen.o
      1244          0        439          0         17      18171   co_app_stm32.o
      1930          0          0          0         56      21712   co_driver_stm32.o
      2232          0          0          0          0      12254   co_emergency.o
      1624          0          0          0          0      11643   co_hbconsumer.o
      1026          8          0          0          0       3325   co_leds.o
      1914        200         20          0          0       8274   co_lssslave.o
      1524          0        100          0          0       9875   co_nmt_heartbeat.o
      1696          0        104          0          0       6580   co_odinterface.o
      6536         12          0          0          0      20517   co_pdo.o
      5462         84          0          0          0      18050   co_sdoserver.o
      2166          0          0          0          0      11520   co_sync.o
       982          0          0          0          0       6178   co_time.o
       254          0          0          0          0       2629   gpio.o
       478          0         85         12          0      16655   main.o
         0          0       1688        976          0       7520   od.o
       836          0         26          0       1208      13352   segger_rtt.o
      1896         14         23          0          0       3851   segger_rtt_printf.o
        36          8        236          0      15872        772   startup_stm32f103xb.o
       260          0          0          5          4       5566   stm32f1xx_hal.o
      3280          0          0          0          0      11403   stm32f1xx_hal_can.o
       524          0          0          0          0       7548   stm32f1xx_hal_cortex.o
       946          0          0          0          0       4226   stm32f1xx_hal_gpio.o
       100          0          0          0          0       1201   stm32f1xx_hal_msp.o
      2502          0         18          0          0       7427   stm32f1xx_hal_rcc.o
      1964          0          0          0          0      35626   stm32f1xx_hal_tim.o
       236          0          0          0          0      15148   stm32f1xx_hal_tim_ex.o
       110          0          0          0          0       1662   stm32f1xx_it.o
         2          0         16          4          0       1569   system_stm32f1xx.o
       270          0          0          0         72       5721   tim.o

    ----------------------------------------------------------------------
     46216        326       2928       1000      17276     315000   Object Totals
         0          0         32          0          0          0   (incl. Generated)
       208          0          3          3          7          0   (incl. Padding)

    ----------------------------------------------------------------------

      Code (inc. data)   RO Data    RW Data    ZI Data      Debug   Library Member Name

        86          0          0          0          0          0   __dczerorl2.o
        28          0          0          0          0         76   calloc.o
         0          0          0          0          0          0   entry.o
         0          0          0          0          0          0   entry10a.o
         0          0          0          0          0          0   entry11a.o
         8          4          0          0          0          0   entry2.o
         4          0          0          0          0          0   entry5.o
         0          0          0          0          0          0   entry7b.o
         0          0          0          0          0          0   entry8b.o
         8          4          0          0          0          0   entry9a.o
        30          0          0          0          0          0   handlers.o
        48         10          0          0          0         68   init.o
       188         20          0          0          0        160   malloc.o
        64          0          0          0          0         76   memmovea.o
        36          0          0          0          0        108   memseta.o
         0          0          0          8          0          0   mvars.o
         0          0          0          4          0          0   stdout.o
        14          0          0          0          0         68   strlen.o

    ----------------------------------------------------------------------
       520         38          0         12          0        556   Library Totals
         6          0          0          0          0          0   (incl. Padding)

    ----------------------------------------------------------------------

      Code (inc. data)   RO Data    RW Data    ZI Data      Debug   Library Name

       514         38          0         12          0        556   mc_w.l

    ----------------------------------------------------------------------
       520         38          0         12          0        556   Library Totals

    ----------------------------------------------------------------------

==============================================================================


      Code (inc. data)   RO Data    RW Data    ZI Data      Debug   

     46736        364       2928       1012      17276     315072   Grand Totals
     46736        364       2928        320      17276     315072   ELF Image Totals (compressed)
     46736        364       2928        320          0          0   ROM Totals

==============================================================================

    Total RO  Size (Code + RO Data)                49664 (  48.50kB)
    Total RW  Size (RW Data + ZI Data)             18288 (  17.86kB)
    Total ROM Size (Code + RO Data + RW Data)      49984 (  48.81kB)

==============================================================================

